Archive member included because of file (symbol)

c:/program files (x86)/atmel/atmel toolchain/arm gcc/native/4.8.1443/arm-gnu-toolchain/bin/../lib/gcc/arm-none-eabi/4.8.4/armv6-m\libgcc.a(_udivsi3.o)
                              src/ASF/common2/services/delay/sam0/systick_counter.o (__aeabi_uidiv)
c:/program files (x86)/atmel/atmel toolchain/arm gcc/native/4.8.1443/arm-gnu-toolchain/bin/../lib/gcc/arm-none-eabi/4.8.4/armv6-m\libgcc.a(_divsi3.o)
                              src/ASF/sam0/drivers/usb/stack_interface/usb_device_udd.o (__aeabi_idivmod)
c:/program files (x86)/atmel/atmel toolchain/arm gcc/native/4.8.1443/arm-gnu-toolchain/bin/../lib/gcc/arm-none-eabi/4.8.4/armv6-m\libgcc.a(_dvmd_tls.o)
                              c:/program files (x86)/atmel/atmel toolchain/arm gcc/native/4.8.1443/arm-gnu-toolchain/bin/../lib/gcc/arm-none-eabi/4.8.4/armv6-m\libgcc.a(_udivsi3.o) (__aeabi_idiv0)
c:/program files (x86)/atmel/atmel toolchain/arm gcc/native/4.8.1443/arm-gnu-toolchain/bin/../lib/gcc/arm-none-eabi/4.8.4/armv6-m\libgcc.a(_clzsi2.o)
                              src/ASF/sam0/drivers/usb/usb_sam_d_r/usb.o (__clzsi2)
c:/program files (x86)/atmel/atmel toolchain/arm gcc/native/4.8.1443/arm-gnu-toolchain/bin/../lib/gcc/arm-none-eabi/4.8.4/armv6-m\libgcc.a(_ctzsi2.o)
                              src/ASF/sam0/drivers/usb/usb_sam_d_r/usb.o (__ctzsi2)
c:/program files (x86)/atmel/atmel toolchain/arm gcc/native/4.8.1443/arm-gnu-toolchain/bin/../lib/gcc/arm-none-eabi/4.8.4/../../../../arm-none-eabi/lib/armv6-m\libc_s.a(lib_a-exit.o)
                              c:/program files (x86)/atmel/atmel toolchain/arm gcc/native/4.8.1443/arm-gnu-toolchain/bin/../lib/gcc/arm-none-eabi/4.8.4/../../../../arm-none-eabi/lib/armv6-m/crt0.o (exit)
c:/program files (x86)/atmel/atmel toolchain/arm gcc/native/4.8.1443/arm-gnu-toolchain/bin/../lib/gcc/arm-none-eabi/4.8.4/../../../../arm-none-eabi/lib/armv6-m\libc_s.a(lib_a-impure.o)
                              c:/program files (x86)/atmel/atmel toolchain/arm gcc/native/4.8.1443/arm-gnu-toolchain/bin/../lib/gcc/arm-none-eabi/4.8.4/../../../../arm-none-eabi/lib/armv6-m\libc_s.a(lib_a-exit.o) (_global_impure_ptr)
c:/program files (x86)/atmel/atmel toolchain/arm gcc/native/4.8.1443/arm-gnu-toolchain/bin/../lib/gcc/arm-none-eabi/4.8.4/../../../../arm-none-eabi/lib/armv6-m\libc_s.a(lib_a-init.o)
                              c:/program files (x86)/atmel/atmel toolchain/arm gcc/native/4.8.1443/arm-gnu-toolchain/bin/../lib/gcc/arm-none-eabi/4.8.4/../../../../arm-none-eabi/lib/armv6-m/crt0.o (__libc_init_array)
c:/program files (x86)/atmel/atmel toolchain/arm gcc/native/4.8.1443/arm-gnu-toolchain/bin/../lib/gcc/arm-none-eabi/4.8.4/../../../../arm-none-eabi/lib/armv6-m\libc_s.a(lib_a-memcpy-stub.o)
                              src/ASF/common/services/usb/class/hid/device/generic/udi_hid_generic.o (memcpy)
c:/program files (x86)/atmel/atmel toolchain/arm gcc/native/4.8.1443/arm-gnu-toolchain/bin/../lib/gcc/arm-none-eabi/4.8.4/../../../../arm-none-eabi/lib/armv6-m\libc_s.a(lib_a-memset.o)
                              c:/program files (x86)/atmel/atmel toolchain/arm gcc/native/4.8.1443/arm-gnu-toolchain/bin/../lib/gcc/arm-none-eabi/4.8.4/../../../../arm-none-eabi/lib/armv6-m/crt0.o (memset)
c:/program files (x86)/atmel/atmel toolchain/arm gcc/native/4.8.1443/arm-gnu-toolchain/bin/../lib/gcc/arm-none-eabi/4.8.4/../../../../arm-none-eabi/lib/armv6-m\libc_s.a(lib_a-printf.o)
                              src/ASF/sam0/utils/syscalls/gcc/syscalls.o (printf)
c:/program files (x86)/atmel/atmel toolchain/arm gcc/native/4.8.1443/arm-gnu-toolchain/bin/../lib/gcc/arm-none-eabi/4.8.4/../../../../arm-none-eabi/lib/armv6-m\libc_s.a(lib_a-vfprintf.o)
                              c:/program files (x86)/atmel/atmel toolchain/arm gcc/native/4.8.1443/arm-gnu-toolchain/bin/../lib/gcc/arm-none-eabi/4.8.4/../../../../arm-none-eabi/lib/armv6-m\libc_s.a(lib_a-printf.o) (_vfprintf_r)
c:/program files (x86)/atmel/atmel toolchain/arm gcc/native/4.8.1443/arm-gnu-toolchain/bin/../lib/gcc/arm-none-eabi/4.8.4/../../../../arm-none-eabi/lib/armv6-m\libc_s.a(lib_a-vfprintf_i.o)
                              c:/program files (x86)/atmel/atmel toolchain/arm gcc/native/4.8.1443/arm-gnu-toolchain/bin/../lib/gcc/arm-none-eabi/4.8.4/../../../../arm-none-eabi/lib/armv6-m\libc_s.a(lib_a-vfprintf.o) (_printf_i)
c:/program files (x86)/atmel/atmel toolchain/arm gcc/native/4.8.1443/arm-gnu-toolchain/bin/../lib/gcc/arm-none-eabi/4.8.4/../../../../arm-none-eabi/lib/armv6-m\libc_s.a(lib_a-wbuf.o)
                              c:/program files (x86)/atmel/atmel toolchain/arm gcc/native/4.8.1443/arm-gnu-toolchain/bin/../lib/gcc/arm-none-eabi/4.8.4/../../../../arm-none-eabi/lib/armv6-m\libc_s.a(lib_a-vfprintf.o) (__swbuf_r)
c:/program files (x86)/atmel/atmel toolchain/arm gcc/native/4.8.1443/arm-gnu-toolchain/bin/../lib/gcc/arm-none-eabi/4.8.4/../../../../arm-none-eabi/lib/armv6-m\libc_s.a(lib_a-wsetup.o)
[...]
Memory Configuration

Name             Origin             Length             Attributes
rom              0x00000000         0x00040000         xr
ram              0x20000000         0x00008000         xrw
*default*        0x00000000         0xffffffff

Linker script and memory map

LOAD c:/program files (x86)/atmel/atmel toolchain/arm gcc/native/4.8.1443/arm-gnu-toolchain/bin/../lib/gcc/arm-none-eabi/4.8.4/armv6-m/crti.o
LOAD c:/program files (x86)/atmel/atmel toolchain/arm gcc/native/4.8.1443/arm-gnu-toolchain/bin/../lib/gcc/arm-none-eabi/4.8.4/armv6-m/crtbegin.o
LOAD c:/program files (x86)/atmel/atmel toolchain/arm gcc/native/4.8.1443/arm-gnu-toolchain/bin/../lib/gcc/arm-none-eabi/4.8.4/../../../../arm-none-eabi/lib/armv6-m/crt0.o
LOAD src/ASF/common2/services/delay/sam0/systick_counter.o
LOAD src/ASF/common/services/sleepmgr/samd/sleepmgr.o
LOAD src/ASF/common/services/usb/class/composite/device/udi_composite_desc.o
LOAD src/ASF/common/services/usb/class/hid/device/generic/udi_hid_generic.o
LOAD src/ASF/common/services/usb/udc/udc.o
LOAD src/ASF/sam0/drivers/extint/extint_sam_d_r/extint.o
LOAD src/ASF/sam0/drivers/usb/stack_interface/usb_device_udd.o
LOAD src/ASF/sam0/drivers/usb/stack_interface/usb_dual.o
LOAD src/multi_hid_generic/multi_hid_generic.o
LOAD src/ASF/sam0/drivers/usb/usb_sam_d_r/usb.o
LOAD src/ASF/sam0/drivers/extint/extint_callback.o
LOAD src/ASF/common/services/usb/class/hid/device/udi_hid.o
LOAD src/ASF/sam0/drivers/port/port.o
LOAD src/ASF/common2/boards/user_board/init.o
LOAD src/ASF/common/utils/interrupt/interrupt_sam_nvic.o
LOAD src/ASF/sam0/drivers/system/clock/clock_samd21_r21_da/clock.o
LOAD src/ASF/sam0/drivers/system/clock/clock_samd21_r21_da/gclk.o
LOAD src/ASF/sam0/drivers/system/interrupt/system_interrupt.o
LOAD src/ASF/sam0/drivers/system/pinmux/pinmux.o
LOAD src/ASF/sam0/drivers/system/system.o
LOAD src/ASF/sam0/utils/cmsis/samd21/source/gcc/startup_samd21.o
LOAD src/ASF/sam0/utils/cmsis/samd21/source/system_samd21.o
LOAD src/ASF/sam0/utils/syscalls/gcc/syscalls.o
LOAD src/main.o
START GROUP
LOAD ../src/ASF/thirdparty/CMSIS/Lib/GCC\libarm_cortexM0l_math.a
LOAD c:/program files (x86)/atmel/atmel toolchain/arm gcc/native/4.8.1443/arm-gnu-toolchain/bin/../lib/gcc/arm-none-eabi/4.8.4/../../../../arm-none-eabi/lib/armv6-m\libm.a
END GROUP
START GROUP
LOAD c:/program files (x86)/atmel/atmel toolchain/arm gcc/native/4.8.1443/arm-gnu-toolchain/bin/../lib/gcc/arm-none-eabi/4.8.4/armv6-m\libgcc.a
LOAD c:/program files (x86)/atmel/atmel toolchain/arm gcc/native/4.8.1443/arm-gnu-toolchain/bin/../lib/gcc/arm-none-eabi/4.8.4/../../../../arm-none-eabi/lib/armv6-m\libc_s.a
END GROUP
START GROUP
LOAD c:/program files (x86)/atmel/atmel toolchain/arm gcc/native/4.8.1443/arm-gnu-toolchain/bin/../lib/gcc/arm-none-eabi/4.8.4/armv6-m\libgcc.a
LOAD c:/program files (x86)/atmel/atmel toolchain/arm gcc/native/4.8.1443/arm-gnu-toolchain/bin/../lib/gcc/arm-none-eabi/4.8.4/../../../../arm-none-eabi/lib/armv6-m\libc_s.a
END GROUP
LOAD c:/program files (x86)/atmel/atmel toolchain/arm gcc/native/4.8.1443/arm-gnu-toolchain/bin/../lib/gcc/arm-none-eabi/4.8.4/armv6-m/crtend.o
LOAD c:/program files (x86)/atmel/atmel toolchain/arm gcc/native/4.8.1443/arm-gnu-toolchain/bin/../lib/gcc/arm-none-eabi/4.8.4/armv6-m/crtn.o
                0x00002000                STACK_SIZE = DEFINED (STACK_SIZE)?STACK_SIZE:DEFINED (__stack_size__)?__stack_size__:0x2000

.text           0x00000000     0x68b0
                0x00000000                . = ALIGN (0x4)
                0x00000000                _sfixed = .
 *(.vectors .vectors.*)
 .vectors       0x00000000       0xb0 src/ASF/sam0/utils/cmsis/samd21/source/gcc/startup_samd21.o
                0x00000000                exception_table
 *(.text .text.* .gnu.linkonce.t.*)
 .text          0x000000b0       0x60 c:/program files (x86)/atmel/atmel toolchain/arm gcc/native/4.8.1443/arm-gnu-toolchain/bin/../lib/gcc/arm-none-eabi/4.8.4/armv6-m/crtbegin.o
 .text.delay_cycles
                0x00000110       0x34 src/ASF/common2/services/delay/sam0/systick_counter.o
 .text.delay_init
                0x00000144       0x5c src/ASF/common2/services/delay/sam0/systick_counter.o
                0x00000144                delay_init
 .text.delay_cycles_ms
                0x000001a0       0x2c src/ASF/common2/services/delay/sam0/systick_counter.o
                0x000001a0                delay_cycles_ms
 .text.cpu_irq_save
                0x000001cc       0x30 src/ASF/common/services/usb/class/hid/device/generic/udi_hid_generic.o
 .text.cpu_irq_is_enabled_flags
                0x000001fc       0x18 src/ASF/common/services/usb/class/hid/device/generic/udi_hid_generic.o
 .text.cpu_irq_restore
                0x00000214       0x30 src/ASF/common/services/usb/class/hid/device/generic/udi_hid_generic.o
 .text.udi_hid_generic_charger_enable
                0x00000244       0x34 src/ASF/common/services/usb/class/hid/device/generic/udi_hid_generic.o
                0x00000244                udi_hid_generic_charger_enable
 .text.udi_hid_generic_battery1_enable
                0x00000278       0x34 src/ASF/common/services/usb/class/hid/device/generic/udi_hid_generic.o
                0x00000278                udi_hid_generic_battery1_enable
 .text.udi_hid_generic_battery2_enable
                0x000002ac       0x34 src/ASF/common/services/usb/class/hid/device/generic/udi_hid_generic.o
                0x000002ac                udi_hid_generic_battery2_enable
 .text.udi_hid_generic_battery3_enable
                0x000002e0       0x34 src/ASF/common/services/usb/class/hid/device/generic/udi_hid_generic.o
                0x000002e0                udi_hid_generic_battery3_enable
 .text.udi_hid_generic_battery4_enable
                0x00000314       0x34 src/ASF/common/services/usb/class/hid/device/generic/udi_hid_generic.o
                0x00000314                udi_hid_generic_battery4_enable
 .text.udi_hid_generic_battery5_enable
                0x00000348       0x34 src/ASF/common/services/usb/class/hid/device/generic/udi_hid_generic.o
                0x00000348                udi_hid_generic_battery5_enable
 .text.udi_hid_generic_battery6_enable
                0x0000037c       0x34 src/ASF/common/services/usb/class/hid/device/generic/udi_hid_generic.o
                0x0000037c                udi_hid_generic_battery6_enable
 .text.udi_hid_generic_charger_disable
                0x000003b0       0x10 src/ASF/common/services/usb/class/hid/device/generic/udi_hid_generic.o
                0x000003b0                udi_hid_generic_charger_disable
 .text.udi_hid_generic_battery1_disable
                0x000003c0       0x10 src/ASF/common/services/usb/class/hid/device/generic/udi_hid_generic.o
                0x000003c0                udi_hid_generic_battery1_disable
 .text.udi_hid_generic_battery2_disable
                0x000003d0       0x10 src/ASF/common/services/usb/class/hid/device/generic/udi_hid_generic.o
                0x000003d0                udi_hid_generic_battery2_disable
 .text.udi_hid_generic_battery3_disable
                0x000003e0       0x10 src/ASF/common/services/usb/class/hid/device/generic/udi_hid_generic.o
                0x000003e0                udi_hid_generic_battery3_disable
 .text.udi_hid_generic_battery4_disable
                0x000003f0       0x10 src/ASF/common/services/usb/class/hid/device/generic/udi_hid_generic.o
                0x000003f0                udi_hid_generic_battery4_disable
 .text.udi_hid_generic_battery5_disable
                0x00000400       0x10 src/ASF/common/services/usb/class/hid/device/generic/udi_hid_generic.o
                0x00000400                udi_hid_generic_battery5_disable
 .text.udi_hid_generic_battery6_disable
                0x00000410       0x10 src/ASF/common/services/usb/class/hid/device/generic/udi_hid_generic.o
                0x00000410                udi_hid_generic_battery6_disable
 .text.udi_hid_generic_charger_setup
                0x00000420       0x2c src/ASF/common/services/usb/class/hid/device/generic/udi_hid_generic.o
                0x00000420                udi_hid_generic_charger_setup
 .text.udi_hid_generic_battery1_setup
                0x0000044c       0x2c src/ASF/common/services/usb/class/hid/device/generic/udi_hid_generic.o
                0x0000044c                udi_hid_generic_battery1_setup
 .text.udi_hid_generic_battery2_setup
                0x00000478       0x2c src/ASF/common/services/usb/class/hid/device/generic/udi_hid_generic.o
                0x00000478                udi_hid_generic_battery2_setup
 .text.udi_hid_generic_battery3_setup
                0x000004a4       0x2c src/ASF/common/services/usb/class/hid/device/generic/udi_hid_generic.o
                0x000004a4                udi_hid_generic_battery3_setup
 .text.udi_hid_generic_battery4_setup
                0x000004d0       0x2c src/ASF/common/services/usb/class/hid/device/generic/udi_hid_generic.o
                0x000004d0                udi_hid_generic_battery4_setup
 .text.udi_hid_generic_battery5_setup
                0x000004fc       0x2c src/ASF/common/services/usb/class/hid/device/generic/udi_hid_generic.o
                0x000004fc                udi_hid_generic_battery5_setup
 .text.udi_hid_generic_battery6_setup
                0x00000528       0x2c src/ASF/common/services/usb/class/hid/device/generic/udi_hid_generic.o
                0x00000528                udi_hid_generic_battery6_setup
 .text.udi_hid_generic_charger_getsetting
                0x00000554        0xc src/ASF/common/services/usb/class/hid/device/generic/udi_hid_generic.o
                0x00000554                udi_hid_generic_charger_getsetting
 .text.udi_hid_generic_battery1_getsetting
                0x00000560        0xc src/ASF/common/services/usb/class/hid/device/generic/udi_hid_generic.o
                0x00000560                udi_hid_generic_battery1_getsetting
 .text.udi_hid_generic_battery2_getsetting
                0x0000056c        0xc src/ASF/common/services/usb/class/hid/device/generic/udi_hid_generic.o
                0x0000056c                udi_hid_generic_battery2_getsetting
 .text.udi_hid_generic_battery3_getsetting
                0x00000578        0xc src/ASF/common/services/usb/class/hid/device/generic/udi_hid_generic.o
                0x00000578                udi_hid_generic_battery3_getsetting
 .text.udi_hid_generic_battery4_getsetting
                0x00000584        0xc src/ASF/common/services/usb/class/hid/device/generic/udi_hid_generic.o
                0x00000584                udi_hid_generic_battery4_getsetting
 .text.udi_hid_generic_battery5_getsetting
                0x00000590        0xc src/ASF/common/services/usb/class/hid/device/generic/udi_hid_generic.o
                0x00000590                udi_hid_generic_battery5_getsetting
 .text.udi_hid_generic_battery6_getsetting
                0x0000059c        0xc src/ASF/common/services/usb/class/hid/device/generic/udi_hid_generic.o
                0x0000059c                udi_hid_generic_battery6_getsetting
 .text.udi_hid_generic_charger_setreport
                0x000005a8       0x50 src/ASF/common/services/usb/class/hid/device/generic/udi_hid_generic.o
 .text.udi_hid_generic_battery1_setreport
                0x000005f8       0x50 src/ASF/common/services/usb/class/hid/device/generic/udi_hid_generic.o
 .text.udi_hid_generic_battery2_setreport
                0x00000648       0x50 src/ASF/common/services/usb/class/hid/device/generic/udi_hid_generic.o
 .text.udi_hid_generic_battery3_setreport
                0x00000698       0x50 src/ASF/common/services/usb/class/hid/device/generic/udi_hid_generic.o
 .text.udi_hid_generic_battery4_setreport
                0x000006e8       0x50 src/ASF/common/services/usb/class/hid/device/generic/udi_hid_generic.o
 .text.udi_hid_generic_battery5_setreport
                0x00000738       0x50 src/ASF/common/services/usb/class/hid/device/generic/udi_hid_generic.o
 .text.udi_hid_generic_battery6_setreport
                0x00000788       0x50 src/ASF/common/services/usb/class/hid/device/generic/udi_hid_generic.o
 .text.udi_hid_generic_charger_send_report_in
                0x000007d8       0xb8 src/ASF/common/services/usb/class/hid/device/generic/udi_hid_generic.o
                0x000007d8                udi_hid_generic_charger_send_report_in
 .text.udi_hid_generic_battery1_send_report_in
                0x00000890       0xb8 src/ASF/common/services/usb/class/hid/device/generic/udi_hid_generic.o
                0x00000890                udi_hid_generic_battery1_send_report_in
 .text.udi_hid_generic_battery2_send_report_in
                0x00000948       0xb8 src/ASF/common/services/usb/class/hid/device/generic/udi_hid_generic.o
                0x00000948                udi_hid_generic_battery2_send_report_in
 .text.udi_hid_generic_battery3_send_report_in
                0x00000a00       0xb8 src/ASF/common/services/usb/class/hid/device/generic/udi_hid_generic.o
                0x00000a00                udi_hid_generic_battery3_send_report_in
 .text.udi_hid_generic_battery4_send_report_in
                0x00000ab8       0xb8 src/ASF/common/services/usb/class/hid/device/generic/udi_hid_generic.o
                0x00000ab8                udi_hid_generic_battery4_send_report_in
 .text.udi_hid_generic_battery5_send_report_in
                0x00000b70       0xb8 src/ASF/common/services/usb/class/hid/device/generic/udi_hid_generic.o
                0x00000b70                udi_hid_generic_battery5_send_report_in
 .text.udi_hid_generic_battery6_send_report_in
                0x00000c28       0xb8 src/ASF/common/services/usb/class/hid/device/generic/udi_hid_generic.o
                0x00000c28                udi_hid_generic_battery6_send_report_in
 .text.udi_hid_generic_charger_setfeature_valid
                0x00000ce0       0x28 src/ASF/common/services/usb/class/hid/device/generic/udi_hid_generic.o
 .text.udi_hid_generic_battery1_setfeature_valid
                0x00000d08       0x28 src/ASF/common/services/usb/class/hid/device/generic/udi_hid_generic.o
 .text.udi_hid_generic_battery2_setfeature_valid
                0x00000d30       0x28 src/ASF/common/services/usb/class/hid/device/generic/udi_hid_generic.o
 .text.udi_hid_generic_battery3_setfeature_valid
                0x00000d58       0x28 src/ASF/common/services/usb/class/hid/device/generic/udi_hid_generic.o
 .text.udi_hid_generic_battery4_setfeature_valid
                0x00000d80       0x28 src/ASF/common/services/usb/class/hid/device/generic/udi_hid_generic.o
 .text.udi_hid_generic_battery5_setfeature_valid
                0x00000da8       0x28 src/ASF/common/services/usb/class/hid/device/generic/udi_hid_generic.o
 .text.udi_hid_generic_battery6_setfeature_valid
                0x00000dd0       0x28 src/ASF/common/services/usb/class/hid/device/generic/udi_hid_generic.o
 .text.udi_hid_generic_charger_report_in_sent
                0x00000df8       0x24 src/ASF/common/services/usb/class/hid/device/generic/udi_hid_generic.o
 .text.udi_hid_generic_battery1_report_in_sent
                0x00000e1c       0x24 src/ASF/common/services/usb/class/hid/device/generic/udi_hid_generic.o
 .text.udi_hid_generic_battery2_report_in_sent
                0x00000e40       0x24 src/ASF/common/services/usb/class/hid/device/generic/udi_hid_generic.o
 .text.udi_hid_generic_battery3_report_in_sent
                0x00000e64       0x24 src/ASF/common/services/usb/class/hid/device/generic/udi_hid_generic.o
 .text.udi_hid_generic_battery4_report_in_sent
                0x00000e88       0x24 src/ASF/common/services/usb/class/hid/device/generic/udi_hid_generic.o
 .text.udi_hid_generic_battery5_report_in_sent
                0x00000eac       0x24 src/ASF/common/services/usb/class/hid/device/generic/udi_hid_generic.o
 .text.udi_hid_generic_battery6_report_in_sent
                0x00000ed0       0x24 src/ASF/common/services/usb/class/hid/device/generic/udi_hid_generic.o
 .text.udc_get_string_serial_name
                0x00000ef4       0x10 src/ASF/common/services/usb/udc/udc.o
 .text.udc_get_interface_desc
                0x00000f04       0x14 src/ASF/common/services/usb/udc/udc.o
                0x00000f04                udc_get_interface_desc
 .text.udc_get_eof_conf
                0x00000f18       0x28 src/ASF/common/services/usb/udc/udc.o
 .text.udc_next_desc_in_iface
                0x00000f40       0x5c src/ASF/common/services/usb/udc/udc.o
 .text.udc_update_iface_desc
                0x00000f9c       0xa4 src/ASF/common/services/usb/udc/udc.o
 .text.udc_iface_disable
                0x00001040       0xac src/ASF/common/services/usb/udc/udc.o
 .text.udc_iface_enable
                0x000010ec       0xb4 src/ASF/common/services/usb/udc/udc.o
 .text.udc_start
                0x000011a0       0x10 src/ASF/common/services/usb/udc/udc.o
                0x000011a0                udc_start
 .text.udc_reset
                0x000011b0       0x74 src/ASF/common/services/usb/udc/udc.o
                0x000011b0                udc_reset
 .text.udc_sof_notify
                0x00001224       0x68 src/ASF/common/services/usb/udc/udc.o
                0x00001224                udc_sof_notify
 .text.udc_req_std_dev_get_status
                0x0000128c       0x30 src/ASF/common/services/usb/udc/udc.o
 .text.udc_req_std_ep_get_status
                0x000012bc       0x48 src/ASF/common/services/usb/udc/udc.o
 .text.udc_req_std_dev_clear_feature
                0x00001304       0x44 src/ASF/common/services/usb/udc/udc.o
 .text.udc_req_std_ep_clear_feature
                0x00001348       0x38 src/ASF/common/services/usb/udc/udc.o
 .text.udc_req_std_dev_set_feature
                0x00001380       0x44 src/ASF/common/services/usb/udc/udc.o
 .text.udc_req_std_ep_set_feature
                0x000013c4       0x48 src/ASF/common/services/usb/udc/udc.o
 .text.udc_valid_address
                0x0000140c       0x24 src/ASF/common/services/usb/udc/udc.o
 .text.udc_req_std_dev_set_address
                0x00001430       0x28 src/ASF/common/services/usb/udc/udc.o
 .text.udc_req_std_dev_get_str_desc
                0x00001458      0x100 src/ASF/common/services/usb/udc/udc.o
 .text.udc_req_std_dev_get_descriptor
                0x00001558       0xfc src/ASF/common/services/usb/udc/udc.o
 .text.udc_req_std_dev_get_configuration
                0x00001654       0x30 src/ASF/common/services/usb/udc/udc.o
 .text.udc_req_std_dev_set_configuration
                0x00001684       0xd0 src/ASF/common/services/usb/udc/udc.o
 .text.udc_req_std_iface_get_setting
                0x00001754       0xa4 src/ASF/common/services/usb/udc/udc.o
 .text.udc_req_std_iface_set_setting
                0x000017f8       0x74 src/ASF/common/services/usb/udc/udc.o
 .text.udc_reqstd
                0x0000186c      0x160 src/ASF/common/services/usb/udc/udc.o
 .text.udc_req_iface
                0x000019cc       0xa0 src/ASF/common/services/usb/udc/udc.o
 .text.udc_req_ep
                0x00001a6c       0x9c src/ASF/common/services/usb/udc/udc.o
 .text.udc_process_setup
                0x00001b08       0x98 src/ASF/common/services/usb/udc/udc.o
                0x00001b08                udc_process_setup
 .text.system_gclk_chan_get_config_defaults
                0x00001ba0       0x14 src/ASF/sam0/drivers/extint/extint_sam_d_r/extint.o
 .text.system_apb_clock_set_mask
                0x00001bb4       0x5c src/ASF/sam0/drivers/extint/extint_sam_d_r/extint.o
 .text.system_interrupt_enable
                0x00001c10       0x2c src/ASF/sam0/drivers/extint/extint_sam_d_r/extint.o
 .text.extint_is_syncing
                0x00001c3c       0x48 src/ASF/sam0/drivers/extint/extint_sam_d_r/extint.o
 .text._system_extint_init
                0x00001c84       0xdc src/ASF/sam0/drivers/extint/extint_sam_d_r/extint.o
                0x00001c84                _system_extint_init
 .text._extint_enable
                0x00001d60       0x60 src/ASF/sam0/drivers/extint/extint_sam_d_r/extint.o
 .text.cpu_irq_save
                0x00001dc0       0x30 src/ASF/sam0/drivers/usb/stack_interface/usb_device_udd.o
 .text.cpu_irq_is_enabled_flags
                0x00001df0       0x18 src/ASF/sam0/drivers/usb/stack_interface/usb_device_udd.o
 .text.cpu_irq_restore
                0x00001e08       0x30 src/ASF/sam0/drivers/usb/stack_interface/usb_device_udd.o
 .text.usb_device_attach
                0x00001e38       0x24 src/ASF/sam0/drivers/usb/stack_interface/usb_device_udd.o
 .text.usb_device_get_address
                0x00001e5c       0x1c src/ASF/sam0/drivers/usb/stack_interface/usb_device_udd.o
 .text.usb_device_set_address
                0x00001e78       0x28 src/ASF/sam0/drivers/usb/stack_interface/usb_device_udd.o
 .text.usb_device_set_lpm_mode
                0x00001ea0       0x38 src/ASF/sam0/drivers/usb/stack_interface/usb_device_udd.o
 .text.sleepmgr_lock_mode
                0x00001ed8       0x4c src/ASF/sam0/drivers/usb/stack_interface/usb_device_udd.o
 .text.sleepmgr_unlock_mode
                0x00001f24       0x4c src/ASF/sam0/drivers/usb/stack_interface/usb_device_udd.o
 .text.udd_wait_clock_ready
                0x00001f70       0x38 src/ASF/sam0/drivers/usb/stack_interface/usb_device_udd.o
 .text.udd_sleep_mode
                0x00001fa8       0x80 src/ASF/sam0/drivers/usb/stack_interface/usb_device_udd.o
 .text.udd_ep_get_job
                0x00002028       0x3c src/ASF/sam0/drivers/usb/stack_interface/usb_device_udd.o
 .text.udd_ep_trans_in_next
                0x00002064      0x18c src/ASF/sam0/drivers/usb/stack_interface/usb_device_udd.o
 .text.udd_ep_trans_out_next
                0x000021f0      0x1dc src/ASF/sam0/drivers/usb/stack_interface/usb_device_udd.o
 .text.udd_ep_transfer_process
                0x000023cc       0x44 src/ASF/sam0/drivers/usb/stack_interface/usb_device_udd.o
 .text.udd_ep_abort
                0x00002410       0x70 src/ASF/sam0/drivers/usb/stack_interface/usb_device_udd.o
                0x00002410                udd_ep_abort
 .text.udd_ep_free
                0x00002480       0x90 src/ASF/sam0/drivers/usb/stack_interface/usb_device_udd.o
                0x00002480                udd_ep_free
 .text.udd_ep_alloc
                0x00002510      0x1a4 src/ASF/sam0/drivers/usb/stack_interface/usb_device_udd.o
                0x00002510                udd_ep_alloc
 .text.udd_ep_is_halted
                0x000026b4       0x2c src/ASF/sam0/drivers/usb/stack_interface/usb_device_udd.o
                0x000026b4                udd_ep_is_halted
 .text.udd_ep_set_halt
                0x000026e0       0x58 src/ASF/sam0/drivers/usb/stack_interface/usb_device_udd.o
                0x000026e0                udd_ep_set_halt
 .text.udd_ep_clear_halt
                0x00002738       0x78 src/ASF/sam0/drivers/usb/stack_interface/usb_device_udd.o
                0x00002738                udd_ep_clear_halt
 .text.udd_ctrl_stall_data
                0x000027b0       0x34 src/ASF/sam0/drivers/usb/stack_interface/usb_device_udd.o
 .text.udd_ep_run
                0x000027e4      0x2e0 src/ASF/sam0/drivers/usb/stack_interface/usb_device_udd.o
                0x000027e4                udd_ep_run
 .text.udd_set_address
                0x00002ac4       0x28 src/ASF/sam0/drivers/usb/stack_interface/usb_device_udd.o
                0x00002ac4                udd_set_address
 .text.udd_getaddress
                0x00002aec       0x1c src/ASF/sam0/drivers/usb/stack_interface/usb_device_udd.o
                0x00002aec                udd_getaddress
 .text.udd_set_setup_payload
                0x00002b08       0x28 src/ASF/sam0/drivers/usb/stack_interface/usb_device_udd.o
                0x00002b08                udd_set_setup_payload
 .text.udd_ctrl_fetch_ram
                0x00002b30       0x5c src/ASF/sam0/drivers/usb/stack_interface/usb_device_udd.o
 .text.udd_ctrl_send_zlp_in
                0x00002b8c       0x44 src/ASF/sam0/drivers/usb/stack_interface/usb_device_udd.o
 .text.udd_ctrl_in_sent
                0x00002bd0       0xec src/ASF/sam0/drivers/usb/stack_interface/usb_device_udd.o
 .text.udd_ctrl_out_received
                0x00002cbc      0x158 src/ASF/sam0/drivers/usb/stack_interface/usb_device_udd.o
 .text._usb_ep0_on_setup
                0x00002e14       0xec src/ASF/sam0/drivers/usb/stack_interface/usb_device_udd.o
 .text.udd_ctrl_underflow
                0x00002f00       0x48 src/ASF/sam0/drivers/usb/stack_interface/usb_device_udd.o
 .text.udd_ctrl_overflow
                0x00002f48       0x44 src/ASF/sam0/drivers/usb/stack_interface/usb_device_udd.o
 .text._usb_ep0_on_tansfer_fail
                0x00002f8c       0x3c src/ASF/sam0/drivers/usb/stack_interface/usb_device_udd.o
 .text._usb_ep0_on_tansfer_ok
                0x00002fc8       0x54 src/ASF/sam0/drivers/usb/stack_interface/usb_device_udd.o
 .text.udd_ctrl_ep_enable
                0x0000301c       0xc4 src/ASF/sam0/drivers/usb/stack_interface/usb_device_udd.o
 .text._usb_on_suspend
                0x000030e0       0x44 src/ASF/sam0/drivers/usb/stack_interface/usb_device_udd.o
 .text._usb_device_lpm_suspend
                0x00003124       0x48 src/ASF/sam0/drivers/usb/stack_interface/usb_device_udd.o
 .text._usb_on_sof_notify
                0x0000316c       0x20 src/ASF/sam0/drivers/usb/stack_interface/usb_device_udd.o
 .text._usb_on_bus_reset
                0x0000318c       0x34 src/ASF/sam0/drivers/usb/stack_interface/usb_device_udd.o
 .text._usb_on_wakeup
                0x000031c0       0x6c src/ASF/sam0/drivers/usb/stack_interface/usb_device_udd.o
 .text.udd_attach
                0x0000322c       0xb8 src/ASF/sam0/drivers/usb/stack_interface/usb_device_udd.o
                0x0000322c                udd_attach
 .text.udd_enable
                0x000032e4       0x78 src/ASF/sam0/drivers/usb/stack_interface/usb_device_udd.o
                0x000032e4                udd_enable
 .text.main_suspend_action
                0x0000335c        0x8 src/multi_hid_generic/multi_hid_generic.o
                0x0000335c                main_suspend_action
 .text.main_resume_action
                0x00003364        0x8 src/multi_hid_generic/multi_hid_generic.o
                0x00003364                main_resume_action
 .text.main_sof_action
                0x0000336c        0x8 src/multi_hid_generic/multi_hid_generic.o
                0x0000336c                main_sof_action
 .text.main_remotewakeup_enable
                0x00003374        0x8 src/multi_hid_generic/multi_hid_generic.o
                0x00003374                main_remotewakeup_enable
 .text.main_remotewakeup_disable
                0x0000337c        0x8 src/multi_hid_generic/multi_hid_generic.o
                0x0000337c                main_remotewakeup_disable
 .text.main_extra_string
                0x00003384      0x12c src/multi_hid_generic/multi_hid_generic.o
                0x00003384                main_extra_string
 .text.main_generic_charger_enable
                0x000034b0       0x18 src/multi_hid_generic/multi_hid_generic.o
                0x000034b0                main_generic_charger_enable
 .text.main_generic_battery1_enable
                0x000034c8       0x18 src/multi_hid_generic/multi_hid_generic.o
                0x000034c8                main_generic_battery1_enable
 .text.main_generic_battery2_enable
                0x000034e0       0x18 src/multi_hid_generic/multi_hid_generic.o
                0x000034e0                main_generic_battery2_enable
 .text.main_generic_battery3_enable
                0x000034f8       0x18 src/multi_hid_generic/multi_hid_generic.o
                0x000034f8                main_generic_battery3_enable
 .text.main_generic_battery4_enable
                0x00003510       0x18 src/multi_hid_generic/multi_hid_generic.o
                0x00003510                main_generic_battery4_enable
 .text.main_generic_battery5_enable
                0x00003528       0x18 src/multi_hid_generic/multi_hid_generic.o
                0x00003528                main_generic_battery5_enable
 .text.main_generic_battery6_enable
                0x00003540       0x18 src/multi_hid_generic/multi_hid_generic.o
                0x00003540                main_generic_battery6_enable
 .text.main_generic_charger_disable
                0x00003558       0x14 src/multi_hid_generic/multi_hid_generic.o
                0x00003558                main_generic_charger_disable
 .text.main_generic_battery1_disable
                0x0000356c       0x14 src/multi_hid_generic/multi_hid_generic.o
                0x0000356c                main_generic_battery1_disable
 .text.main_generic_battery2_disable
                0x00003580       0x14 src/multi_hid_generic/multi_hid_generic.o
                0x00003580                main_generic_battery2_disable
 .text.main_generic_battery3_disable
                0x00003594       0x14 src/multi_hid_generic/multi_hid_generic.o
                0x00003594                main_generic_battery3_disable
 .text.main_generic_battery4_disable
                0x000035a8       0x14 src/multi_hid_generic/multi_hid_generic.o
                0x000035a8                main_generic_battery4_disable
 .text.main_generic_battery5_disable
                0x000035bc       0x14 src/multi_hid_generic/multi_hid_generic.o
                0x000035bc                main_generic_battery5_disable
 .text.main_generic_battery6_disable
                0x000035d0       0x14 src/multi_hid_generic/multi_hid_generic.o
                0x000035d0                main_generic_battery6_disable
 .text.main_hid_charger_set_feature
                0x000035e4       0x10 src/multi_hid_generic/multi_hid_generic.o
                0x000035e4                main_hid_charger_set_feature
 .text.main_hid_battery1_set_feature
                0x000035f4       0x10 src/multi_hid_generic/multi_hid_generic.o
                0x000035f4                main_hid_battery1_set_feature
 .text.main_hid_battery2_set_feature
                0x00003604       0x10 src/multi_hid_generic/multi_hid_generic.o
                0x00003604                main_hid_battery2_set_feature
 .text.main_hid_battery3_set_feature
                0x00003614       0x10 src/multi_hid_generic/multi_hid_generic.o
                0x00003614                main_hid_battery3_set_feature
 .text.main_hid_battery4_set_feature
                0x00003624       0x10 src/multi_hid_generic/multi_hid_generic.o
                0x00003624                main_hid_battery4_set_feature
 .text.main_hid_battery5_set_feature
                0x00003634       0x10 src/multi_hid_generic/multi_hid_generic.o
                0x00003634                main_hid_battery5_set_feature
 .text.main_hid_battery6_set_feature
                0x00003644       0x10 src/multi_hid_generic/multi_hid_generic.o
                0x00003644                main_hid_battery6_set_feature
 .text.system_gclk_chan_get_config_defaults
                0x00003654       0x14 src/ASF/sam0/drivers/usb/usb_sam_d_r/usb.o
 .text.system_apb_clock_set_mask
                0x00003668       0x5c src/ASF/sam0/drivers/usb/usb_sam_d_r/usb.o
 .text.system_pinmux_get_config_defaults
                0x000036c4       0x28 src/ASF/sam0/drivers/usb/usb_sam_d_r/usb.o
 .text.system_interrupt_enable
                0x000036ec       0x2c src/ASF/sam0/drivers/usb/usb_sam_d_r/usb.o
 .text._usb_host_interrupt_handler
                0x00003718      0x4d4 src/ASF/sam0/drivers/usb/usb_sam_d_r/usb.o
 .text.usb_device_register_callback
                0x00003bec       0x50 src/ASF/sam0/drivers/usb/usb_sam_d_r/usb.o
                0x00003bec                usb_device_register_callback
 .text.usb_device_enable_callback
                0x00003c3c       0x5c src/ASF/sam0/drivers/usb/usb_sam_d_r/usb.o
                0x00003c3c                usb_device_enable_callback
 .text.usb_device_disable_callback
                0x00003c98       0x54 src/ASF/sam0/drivers/usb/usb_sam_d_r/usb.o
                0x00003c98                usb_device_disable_callback
 .text.usb_device_endpoint_register_callback
                0x00003cec       0x74 src/ASF/sam0/drivers/usb/usb_sam_d_r/usb.o
                0x00003cec                usb_device_endpoint_register_callback
 .text.usb_device_endpoint_unregister_callback
                0x00003d60       0x6c src/ASF/sam0/drivers/usb/usb_sam_d_r/usb.o
                0x00003d60                usb_device_endpoint_unregister_callback
 .text.usb_device_endpoint_enable_callback
                0x00003dcc      0x190 src/ASF/sam0/drivers/usb/usb_sam_d_r/usb.o
                0x00003dcc                usb_device_endpoint_enable_callback
 .text.usb_device_endpoint_disable_callback
                0x00003f5c      0x19c src/ASF/sam0/drivers/usb/usb_sam_d_r/usb.o
                0x00003f5c                usb_device_endpoint_disable_callback
 .text.usb_device_endpoint_get_config_defaults
                0x000040f8       0x28 src/ASF/sam0/drivers/usb/usb_sam_d_r/usb.o
                0x000040f8                usb_device_endpoint_get_config_defaults
 .text.usb_device_endpoint_set_config
                0x00004120      0x4d4 src/ASF/sam0/drivers/usb/usb_sam_d_r/usb.o
                0x00004120                usb_device_endpoint_set_config
 .text.usb_device_endpoint_abort_job
                0x000045f4       0x80 src/ASF/sam0/drivers/usb/usb_sam_d_r/usb.o
                0x000045f4                usb_device_endpoint_abort_job
 .text.usb_device_endpoint_is_halted
                0x00004674       0x70 src/ASF/sam0/drivers/usb/usb_sam_d_r/usb.o
                0x00004674                usb_device_endpoint_is_halted
 .text.usb_device_endpoint_set_halt
                0x000046e4       0x58 src/ASF/sam0/drivers/usb/usb_sam_d_r/usb.o
                0x000046e4                usb_device_endpoint_set_halt
 .text.usb_device_endpoint_clear_halt
                0x0000473c      0x118 src/ASF/sam0/drivers/usb/usb_sam_d_r/usb.o
                0x0000473c                usb_device_endpoint_clear_halt
 .text.usb_device_endpoint_write_buffer_job
                0x00004854       0xb8 src/ASF/sam0/drivers/usb/usb_sam_d_r/usb.o
                0x00004854                usb_device_endpoint_write_buffer_job
 .text.usb_device_endpoint_read_buffer_job
                0x0000490c       0xac src/ASF/sam0/drivers/usb/usb_sam_d_r/usb.o
                0x0000490c                usb_device_endpoint_read_buffer_job
 .text.usb_device_endpoint_setup_buffer_job
                0x000049b8       0x48 src/ASF/sam0/drivers/usb/usb_sam_d_r/usb.o
                0x000049b8                usb_device_endpoint_setup_buffer_job
 .text._usb_device_interrupt_handler
                0x00004a00      0x558 src/ASF/sam0/drivers/usb/usb_sam_d_r/usb.o
 .text.usb_enable
                0x00004f58       0x30 src/ASF/sam0/drivers/usb/usb_sam_d_r/usb.o
                0x00004f58                usb_enable
 .text.USB_Handler
                0x00004f88       0x30 src/ASF/sam0/drivers/usb/usb_sam_d_r/usb.o
                0x00004f88                USB_Handler
 .text.usb_get_config_defaults
                0x00004fb8       0x28 src/ASF/sam0/drivers/usb/usb_sam_d_r/usb.o
                0x00004fb8                usb_get_config_defaults
 .text.usb_init
                0x00004fe0      0x338 src/ASF/sam0/drivers/usb/usb_sam_d_r/usb.o
                0x00004fe0                usb_init
 .text._extint_get_eic_from_channel
                0x00005318       0x48 src/ASF/sam0/drivers/extint/extint_callback.o
 .text.extint_chan_is_detected
                0x00005360       0x48 src/ASF/sam0/drivers/extint/extint_callback.o
 .text.extint_chan_clear_detected
                0x000053a8       0x3c src/ASF/sam0/drivers/extint/extint_callback.o
 .text.EIC_Handler
                0x000053e4       0x6c src/ASF/sam0/drivers/extint/extint_callback.o
                0x000053e4                EIC_Handler
 .text.udi_hid_setup
                0x00005450       0xf0 src/ASF/common/services/usb/class/hid/device/udi_hid.o
                0x00005450                udi_hid_setup
 .text.udi_hid_reqstdifaceget_descriptor
                0x00005540       0x9c src/ASF/common/services/usb/class/hid/device/udi_hid.o
 .text.system_board_init
                0x000055dc        0x8 src/ASF/common2/boards/user_board/init.o
                0x000055dc                board_init
                0x000055dc                system_board_init
 .text.cpu_irq_enter_critical
                0x000055e4       0x50 src/ASF/common/utils/interrupt/interrupt_sam_nvic.o
                0x000055e4                cpu_irq_enter_critical
 .text.cpu_irq_leave_critical
                0x00005634       0x3c src/ASF/common/utils/interrupt/interrupt_sam_nvic.o
                0x00005634                cpu_irq_leave_critical
 .text.system_gclk_gen_get_config_defaults
                0x00005670       0x2c src/ASF/sam0/drivers/system/clock/clock_samd21_r21_da/clock.o
 .text.system_clock_source_osc8m_get_config_defaults
                0x0000569c       0x20 src/ASF/sam0/drivers/system/clock/clock_samd21_r21_da/clock.o
 .text.system_clock_source_dfll_get_config_defaults
                0x000056bc       0x50 src/ASF/sam0/drivers/system/clock/clock_samd21_r21_da/clock.o
 .text.system_cpu_clock_set_divider
                0x0000570c       0x20 src/ASF/sam0/drivers/system/clock/clock_samd21_r21_da/clock.o
 .text.system_apb_clock_set_divider
                0x0000572c       0x54 src/ASF/sam0/drivers/system/clock/clock_samd21_r21_da/clock.o
 .text.system_flash_set_waitstates
                0x00005780       0x34 src/ASF/sam0/drivers/system/clock/clock_samd21_r21_da/clock.o
 .text._system_dfll_wait_for_sync
                0x000057b4       0x18 src/ASF/sam0/drivers/system/clock/clock_samd21_r21_da/clock.o
 .text._system_clock_source_dfll_set_config_errata_9905
                0x000057cc       0x44 src/ASF/sam0/drivers/system/clock/clock_samd21_r21_da/clock.o
 .text.system_clock_source_get_hz
                0x00005810       0xc4 src/ASF/sam0/drivers/system/clock/clock_samd21_r21_da/clock.o
                0x00005810                system_clock_source_get_hz
 .text.system_clock_source_osc8m_set_config
                0x000058d4       0x68 src/ASF/sam0/drivers/system/clock/clock_samd21_r21_da/clock.o
                0x000058d4                system_clock_source_osc8m_set_config
 .text.system_clock_source_dfll_set_config
                0x0000593c       0xb0 src/ASF/sam0/drivers/system/clock/clock_samd21_r21_da/clock.o
                0x0000593c                system_clock_source_dfll_set_config
 .text.system_clock_source_enable
                0x000059ec       0xac src/ASF/sam0/drivers/system/clock/clock_samd21_r21_da/clock.o
                0x000059ec                system_clock_source_enable
 .text.system_clock_source_is_ready
                0x00005a98       0x84 src/ASF/sam0/drivers/system/clock/clock_samd21_r21_da/clock.o
                0x00005a98                system_clock_source_is_ready
 .text._switch_peripheral_gclk
                0x00005b1c       0x38 src/ASF/sam0/drivers/system/clock/clock_samd21_r21_da/clock.o
 .text.system_clock_init
                0x00005b54      0x1c0 src/ASF/sam0/drivers/system/clock/clock_samd21_r21_da/clock.o
                0x00005b54                system_clock_init
 .text.system_apb_clock_set_mask
                0x00005d14       0x5c src/ASF/sam0/drivers/system/clock/clock_samd21_r21_da/gclk.o
 .text.system_interrupt_enter_critical_section
                0x00005d70       0x10 src/ASF/sam0/drivers/system/clock/clock_samd21_r21_da/gclk.o
 .text.system_interrupt_leave_critical_section
                0x00005d80       0x10 src/ASF/sam0/drivers/system/clock/clock_samd21_r21_da/gclk.o
 .text.system_gclk_is_syncing
                0x00005d90       0x24 src/ASF/sam0/drivers/system/clock/clock_samd21_r21_da/gclk.o
 .text.system_gclk_init
                0x00005db4       0x30 src/ASF/sam0/drivers/system/clock/clock_samd21_r21_da/gclk.o
                0x00005db4                system_gclk_init
 .text.system_gclk_gen_set_config
                0x00005de4      0x110 src/ASF/sam0/drivers/system/clock/clock_samd21_r21_da/gclk.o
                0x00005de4                system_gclk_gen_set_config
 .text.system_gclk_gen_enable
                0x00005ef4       0x5c src/ASF/sam0/drivers/system/clock/clock_samd21_r21_da/gclk.o
                0x00005ef4                system_gclk_gen_enable
 .text.system_gclk_gen_get_hz
                0x00005f50       0xec src/ASF/sam0/drivers/system/clock/clock_samd21_r21_da/gclk.o
                0x00005f50                system_gclk_gen_get_hz
 .text.system_gclk_chan_set_config
                0x0000603c       0x40 src/ASF/sam0/drivers/system/clock/clock_samd21_r21_da/gclk.o
                0x0000603c                system_gclk_chan_set_config
 .text.system_gclk_chan_enable
                0x0000607c       0x44 src/ASF/sam0/drivers/system/clock/clock_samd21_r21_da/gclk.o
                0x0000607c                system_gclk_chan_enable
 .text.system_gclk_chan_disable
                0x000060c0       0x98 src/ASF/sam0/drivers/system/clock/clock_samd21_r21_da/gclk.o
                0x000060c0                system_gclk_chan_disable
 .text.system_gclk_chan_get_hz
                0x00006158       0x5c src/ASF/sam0/drivers/system/clock/clock_samd21_r21_da/gclk.o
                0x00006158                system_gclk_chan_get_hz
 .text.system_pinmux_get_group_from_gpio_pin
                0x000061b4       0x60 src/ASF/sam0/drivers/system/pinmux/pinmux.o
 .text._system_pinmux_config
                0x00006214      0x10c src/ASF/sam0/drivers/system/pinmux/pinmux.o
 .text.system_pinmux_pin_set_config
                0x00006320       0x4c src/ASF/sam0/drivers/system/pinmux/pinmux.o
                0x00006320                system_pinmux_pin_set_config
 .text._system_dummy_init
                0x0000636c        0xc src/ASF/sam0/drivers/system/system.o
                0x0000636c                _system_events_init
                0x0000636c                _system_dummy_init
                0x0000636c                _system_divas_init
 .text.system_init
                0x00006378       0x30 src/ASF/sam0/drivers/system/system.o
                0x00006378                system_init
 .text.Reset_Handler
                0x000063a8       0xf0 src/ASF/sam0/utils/cmsis/samd21/source/gcc/startup_samd21.o
                0x000063a8                Reset_Handler
 .text.Dummy_Handler
                0x00006498        0x8 src/ASF/sam0/utils/cmsis/samd21/source/gcc/startup_samd21.o
                0x00006498                DMAC_Handler
                0x00006498                HardFault_Handler
                0x00006498                AC_Handler
                0x00006498                SysTick_Handler
                0x00006498                PendSV_Handler
                0x00006498                NMI_Handler
                0x00006498                TC7_Handler
                0x00006498                SERCOM1_Handler
                0x00006498                ADC_Handler
                0x00006498                TCC1_Handler
                0x00006498                SERCOM2_Handler
                0x00006498                TCC0_Handler
                0x00006498                RTC_Handler
                0x00006498                TC6_Handler
                0x00006498                WDT_Handler
                0x00006498                TC4_Handler
                0x00006498                TC3_Handler
                0x00006498                Dummy_Handler
                0x00006498                PM_Handler
                0x00006498                SERCOM5_Handler
                0x00006498                SVC_Handler
                0x00006498                TCC2_Handler
                0x00006498                EVSYS_Handler
                0x00006498                SERCOM3_Handler
                0x00006498                SERCOM4_Handler
                0x00006498                I2S_Handler
                0x00006498                NVMCTRL_Handler
                0x00006498                SERCOM0_Handler
                0x00006498                DAC_Handler
                0x00006498                PTC_Handler
                0x00006498                TC5_Handler
                0x00006498                SYSCTRL_Handler
 .text.main     0x000064a0       0xf4 src/main.o
                0x000064a0                main
 .text          0x00006594       0x9c c:/program files (x86)/atmel/atmel toolchain/arm gcc/native/4.8.1443/arm-gnu-toolchain/bin/../lib/gcc/arm-none-eabi/4.8.4/armv6-m\libgcc.a(_udivsi3.o)
                0x00006594                __aeabi_uidiv
                0x00006594                __udivsi3
                0x0000661c                __aeabi_uidivmod
 .text          0x00006630       0xc0 c:/program files (x86)/atmel/atmel toolchain/arm gcc/native/4.8.1443/arm-gnu-toolchain/bin/../lib/gcc/arm-none-eabi/4.8.4/armv6-m\libgcc.a(_divsi3.o)
                0x00006630                __divsi3
                0x00006630                __aeabi_idiv
                0x000066dc                __aeabi_idivmod
 .text          0x000066f0        0x4 c:/program files (x86)/atmel/atmel toolchain/arm gcc/native/4.8.1443/arm-gnu-toolchain/bin/../lib/gcc/arm-none-eabi/4.8.4/armv6-m\libgcc.a(_dvmd_tls.o)
                0x000066f0                __aeabi_idiv0
                0x000066f0                __aeabi_ldiv0
 .text          0x000066f4       0x40 c:/program files (x86)/atmel/atmel toolchain/arm gcc/native/4.8.1443/arm-gnu-toolchain/bin/../lib/gcc/arm-none-eabi/4.8.4/armv6-m\libgcc.a(_ctzsi2.o)
                0x000066f4                __ctzsi2
 .text.__libc_init_array
                0x00006734       0x4c c:/program files (x86)/atmel/atmel toolchain/arm gcc/native/4.8.1443/arm-gnu-toolchain/bin/../lib/gcc/arm-none-eabi/4.8.4/../../../../arm-none-eabi/lib/armv6-m\libc_s.a(lib_a-init.o)
                0x00006734                __libc_init_array
 .text.memcpy   0x00006780       0x12 c:/program files (x86)/atmel/atmel toolchain/arm gcc/native/4.8.1443/arm-gnu-toolchain/bin/../lib/gcc/arm-none-eabi/4.8.4/../../../../arm-none-eabi/lib/armv6-m\libc_s.a(lib_a-memcpy-stub.o)
                0x00006780                memcpy
 .text.memset   0x00006792       0x10 c:/program files (x86)/atmel/atmel toolchain/arm gcc/native/4.8.1443/arm-gnu-toolchain/bin/../lib/gcc/arm-none-eabi/4.8.4/../../../../arm-none-eabi/lib/armv6-m\libc_s.a(lib_a-memset.o)
                0x00006792                memset
 *(.glue_7t)
 .glue_7t       0x00000000        0x0 linker stubs
 *(.glue_7)
 .glue_7        0x00000000        0x0 linker stubs
 *(.rodata .rodata* .gnu.linkonce.r.*)
 *fill*         0x000067a2        0x2 
 .rodata        0x000067a4       0x10 src/ASF/common/services/usb/udc/udc.o
 .rodata.udc_reqstd
                0x000067b4       0x28 src/ASF/common/services/usb/udc/udc.o
 .rodata        0x000067dc        0x4 src/ASF/sam0/drivers/usb/stack_interface/usb_device_udd.o
 .rodata.main_extra_string
                0x000067e0       0x1c src/multi_hid_generic/multi_hid_generic.o
 .rodata._usb_device_irq_bits
                0x000067fc       0x10 src/ASF/sam0/drivers/usb/usb_sam_d_r/usb.o
 .rodata._usb_endpoint_irq_bits
                0x0000680c        0x4 src/ASF/sam0/drivers/usb/usb_sam_d_r/usb.o
 .rodata.usb_device_endpoint_set_config
                0x00006810       0x14 src/ASF/sam0/drivers/usb/usb_sam_d_r/usb.o
 .rodata.system_clock_source_get_hz
                0x00006824       0x24 src/ASF/sam0/drivers/system/clock/clock_samd21_r21_da/clock.o
 .rodata.system_clock_source_enable
                0x00006848       0x24 src/ASF/sam0/drivers/system/clock/clock_samd21_r21_da/clock.o
 .rodata.system_clock_source_is_ready
                0x0000686c       0x24 src/ASF/sam0/drivers/system/clock/clock_samd21_r21_da/clock.o
 *(.ARM.extab* .gnu.linkonce.armextab.*)
                0x00006890                . = ALIGN (0x4)
 *(.init)
 .init          0x00006890        0x4 c:/program files (x86)/atmel/atmel toolchain/arm gcc/native/4.8.1443/arm-gnu-toolchain/bin/../lib/gcc/arm-none-eabi/4.8.4/armv6-m/crti.o
                0x00006890                _init
 .init          0x00006894        0x8 c:/program files (x86)/atmel/atmel toolchain/arm gcc/native/4.8.1443/arm-gnu-toolchain/bin/../lib/gcc/arm-none-eabi/4.8.4/armv6-m/crtn.o
                0x0000689c                . = ALIGN (0x4)
                0x0000689c                __preinit_array_start = .
 *(.preinit_array)
                0x0000689c                __preinit_array_end = .
                0x0000689c                . = ALIGN (0x4)
                0x0000689c                __init_array_start = .
 *(SORT(.init_array.*))
 *(.init_array)
 .init_array    0x0000689c        0x4 c:/program files (x86)/atmel/atmel toolchain/arm gcc/native/4.8.1443/arm-gnu-toolchain/bin/../lib/gcc/arm-none-eabi/4.8.4/armv6-m/crtbegin.o
                0x000068a0                __init_array_end = .
                0x000068a0                . = ALIGN (0x4)
 *crtbegin.o(.ctors)
 *(EXCLUDE_FILE(*crtend.o) .ctors)
 *(SORT(.ctors.*))
 *crtend.o(.ctors)
                0x000068a0                . = ALIGN (0x4)
 *(.fini)
 .fini          0x000068a0        0x4 c:/program files (x86)/atmel/atmel toolchain/arm gcc/native/4.8.1443/arm-gnu-toolchain/bin/../lib/gcc/arm-none-eabi/4.8.4/armv6-m/crti.o
                0x000068a0                _fini
 .fini          0x000068a4        0x8 c:/program files (x86)/atmel/atmel toolchain/arm gcc/native/4.8.1443/arm-gnu-toolchain/bin/../lib/gcc/arm-none-eabi/4.8.4/armv6-m/crtn.o
                0x000068ac                . = ALIGN (0x4)
                0x000068ac                __fini_array_start = .
 *(.fini_array)
 .fini_array    0x000068ac        0x4 c:/program files (x86)/atmel/atmel toolchain/arm gcc/native/4.8.1443/arm-gnu-toolchain/bin/../lib/gcc/arm-none-eabi/4.8.4/armv6-m/crtbegin.o
 *(SORT(.fini_array.*))
                0x000068b0                __fini_array_end = .
 *crtbegin.o(.dtors)
 *(EXCLUDE_FILE(*crtend.o) .dtors)
 *(SORT(.dtors.*))
 *crtend.o(.dtors)
                0x000068b0                . = ALIGN (0x4)
                0x000068b0                _efixed = .
                0x000068b0                PROVIDE (__exidx_start, .)

.vfp11_veneer   0x000068b0        0x0
 .vfp11_veneer  0x00000000        0x0 linker stubs

.v4_bx          0x000068b0        0x0
 .v4_bx         0x00000000        0x0 linker stubs

.iplt           0x000068b0        0x0
 .iplt          0x00000000        0x0 c:/program files (x86)/atmel/atmel toolchain/arm gcc/native/4.8.1443/arm-gnu-toolchain/bin/../lib/gcc/arm-none-eabi/4.8.4/armv6-m/crtbegin.o

.eh_frame       0x000068b0        0x0
 .eh_frame      0x000068b0        0x0 c:/program files (x86)/atmel/atmel toolchain/arm gcc/native/4.8.1443/arm-gnu-toolchain/bin/../lib/gcc/arm-none-eabi/4.8.4/armv6-m/crtbegin.o

.rel.dyn        0x000068b0        0x0
 .rel.iplt      0x00000000        0x0 c:/program files (x86)/atmel/atmel toolchain/arm gcc/native/4.8.1443/arm-gnu-toolchain/bin/../lib/gcc/arm-none-eabi/4.8.4/armv6-m/crtbegin.o

.jcr            0x000068b0        0x0
 .jcr           0x000068b0        0x0 c:/program files (x86)/atmel/atmel toolchain/arm gcc/native/4.8.1443/arm-gnu-toolchain/bin/../lib/gcc/arm-none-eabi/4.8.4/armv6-m/crtbegin.o

.igot.plt       0x000068b0        0x0
 .igot.plt      0x00000000        0x0 c:/program files (x86)/atmel/atmel toolchain/arm gcc/native/4.8.1443/arm-gnu-toolchain/bin/../lib/gcc/arm-none-eabi/4.8.4/armv6-m/crtbegin.o

.ARM.exidx
 *(.ARM.exidx* .gnu.linkonce.armexidx.*)
                0x000068b0                PROVIDE (__exidx_end, .)
                0x000068b0                . = ALIGN (0x4)
                0x000068b0                _etext = .

.relocate       0x20000000      0x3b8 load address 0x000068b0
                0x20000000                . = ALIGN (0x4)
                0x20000000                _srelocate = .
 *(.ramfunc .ramfunc.*)
 *(.data .data.*)
 .data.cycles_per_ms
                0x20000000        0x4 src/ASF/common2/services/delay/sam0/systick_counter.o
 .data.cycles_per_us
                0x20000004        0x4 src/ASF/common2/services/delay/sam0/systick_counter.o
 .data.udc_device_desc
                0x20000008       0x14 src/ASF/common/services/usb/class/composite/device/udi_composite_desc.o
                0x20000008                udc_device_desc
 .data.udc_desc_fs
                0x2000001c       0xb8 src/ASF/common/services/usb/class/composite/device/udi_composite_desc.o
                0x2000001c                udc_desc_fs
 .data.udi_apis
                0x200000d4       0x1c src/ASF/common/services/usb/class/composite/device/udi_composite_desc.o
                0x200000d4                udi_apis
 .data.udc_config_lsfs
                0x200000f0        0x8 src/ASF/common/services/usb/class/composite/device/udi_composite_desc.o
                0x200000f0                udc_config_lsfs
 .data.udc_config
                0x200000f8        0xc src/ASF/common/services/usb/class/composite/device/udi_composite_desc.o
                0x200000f8                udc_config
 .data.udi_api_hid_generic_charger
                0x20000104       0x14 src/ASF/common/services/usb/class/hid/device/generic/udi_hid_generic.o
                0x20000104                udi_api_hid_generic_charger
 .data.udi_api_hid_generic_battery1
                0x20000118       0x14 src/ASF/common/services/usb/class/hid/device/generic/udi_hid_generic.o
                0x20000118                udi_api_hid_generic_battery1
 .data.udi_api_hid_generic_battery2
                0x2000012c       0x14 src/ASF/common/services/usb/class/hid/device/generic/udi_hid_generic.o
                0x2000012c                udi_api_hid_generic_battery2
 .data.udi_api_hid_generic_battery3
                0x20000140       0x14 src/ASF/common/services/usb/class/hid/device/generic/udi_hid_generic.o
                0x20000140                udi_api_hid_generic_battery3
 .data.udi_api_hid_generic_battery4
                0x20000154       0x14 src/ASF/common/services/usb/class/hid/device/generic/udi_hid_generic.o
                0x20000154                udi_api_hid_generic_battery4
 .data.udi_api_hid_generic_battery5
                0x20000168       0x14 src/ASF/common/services/usb/class/hid/device/generic/udi_hid_generic.o
                0x20000168                udi_api_hid_generic_battery5
 .data.udi_api_hid_generic_battery6
                0x2000017c       0x14 src/ASF/common/services/usb/class/hid/device/generic/udi_hid_generic.o
                0x2000017c                udi_api_hid_generic_battery6
 .data.udi_hid_generic_charger_report_desc
                0x20000190       0x28 src/ASF/common/services/usb/class/hid/device/generic/udi_hid_generic.o
                0x20000190                udi_hid_generic_charger_report_desc
 .data.udi_hid_generic_battery1_report_desc
                0x200001b8       0x28 src/ASF/common/services/usb/class/hid/device/generic/udi_hid_generic.o
                0x200001b8                udi_hid_generic_battery1_report_desc
 .data.udi_hid_generic_battery2_report_desc
                0x200001e0       0x28 src/ASF/common/services/usb/class/hid/device/generic/udi_hid_generic.o
                0x200001e0                udi_hid_generic_battery2_report_desc
 .data.udi_hid_generic_battery3_report_desc
                0x20000208       0x28 src/ASF/common/services/usb/class/hid/device/generic/udi_hid_generic.o
                0x20000208                udi_hid_generic_battery3_report_desc
 .data.udi_hid_generic_battery4_report_desc
                0x20000230       0x28 src/ASF/common/services/usb/class/hid/device/generic/udi_hid_generic.o
                0x20000230                udi_hid_generic_battery4_report_desc
 .data.udi_hid_generic_battery5_report_desc
                0x20000258       0x28 src/ASF/common/services/usb/class/hid/device/generic/udi_hid_generic.o
                0x20000258                udi_hid_generic_battery5_report_desc
 .data.udi_hid_generic_battery6_report_desc
                0x20000280       0x28 src/ASF/common/services/usb/class/hid/device/generic/udi_hid_generic.o
                0x20000280                udi_hid_generic_battery6_report_desc
 .data.udc_string_desc_languageid
                0x200002a8        0x4 src/ASF/common/services/usb/udc/udc.o
 .data.udc_string_manufacturer_name
                0x200002ac        0x8 src/ASF/common/services/usb/udc/udc.o
 .data.udc_string_product_name
                0x200002b4       0x10 src/ASF/common/services/usb/udc/udc.o
 .data.udc_string_desc
                0x200002c4       0x20 src/ASF/common/services/usb/udc/udc.o
 .data.udi_hid_generic_charger_name.12973
                0x200002e4       0x14 src/multi_hid_generic/multi_hid_generic.o
 .data.udi_hid_generic_battery1_name.12974
                0x200002f8       0x18 src/multi_hid_generic/multi_hid_generic.o
 .data.udi_hid_generic_battery2_name.12975
                0x20000310       0x18 src/multi_hid_generic/multi_hid_generic.o
 .data.udi_hid_generic_battery3_name.12976
                0x20000328       0x18 src/multi_hid_generic/multi_hid_generic.o
 .data.udi_hid_generic_battery4_name.12977
                0x20000340       0x18 src/multi_hid_generic/multi_hid_generic.o
 .data.udi_hid_generic_battery5_name.12978
                0x20000358       0x18 src/multi_hid_generic/multi_hid_generic.o
 .data.udi_hid_generic_battery6_name.12979
                0x20000370       0x18 src/multi_hid_generic/multi_hid_generic.o
 .data.extra_strings_desc.12983
                0x20000388       0x2c src/multi_hid_generic/multi_hid_generic.o
 .data.g_interrupt_enabled
                0x200003b4        0x1 src/ASF/common/utils/interrupt/interrupt_sam_nvic.o
                0x200003b4                g_interrupt_enabled
                0x200003b8                . = ALIGN (0x4)
 *fill*         0x200003b5        0x3 
                0x200003b8                _erelocate = .

.bss            0x200003b8      0xa40 load address 0x00006c68
                0x200003b8                . = ALIGN (0x4)
                0x200003b8                _sbss = .
                0x200003b8                _szero = .
 *(.bss .bss.*)
 .bss           0x200003b8       0x1c c:/program files (x86)/atmel/atmel toolchain/arm gcc/native/4.8.1443/arm-gnu-toolchain/bin/../lib/gcc/arm-none-eabi/4.8.4/armv6-m/crtbegin.o
 .bss.udi_hid_generic_charger_rate
                0x200003d4        0x4 src/ASF/common/services/usb/class/hid/device/generic/udi_hid_generic.o
 .bss.udi_hid_generic_battery1_rate
                0x200003d8        0x4 src/ASF/common/services/usb/class/hid/device/generic/udi_hid_generic.o
 .bss.udi_hid_generic_battery2_rate
                0x200003dc        0x4 src/ASF/common/services/usb/class/hid/device/generic/udi_hid_generic.o
 .bss.udi_hid_generic_battery3_rate
                0x200003e0        0x4 src/ASF/common/services/usb/class/hid/device/generic/udi_hid_generic.o
 .bss.udi_hid_generic_battery4_rate
                0x200003e4        0x4 src/ASF/common/services/usb/class/hid/device/generic/udi_hid_generic.o
 .bss.udi_hid_generic_battery5_rate
                0x200003e8        0x4 src/ASF/common/services/usb/class/hid/device/generic/udi_hid_generic.o
 .bss.udi_hid_generic_battery6_rate
                0x200003ec        0x4 src/ASF/common/services/usb/class/hid/device/generic/udi_hid_generic.o
 .bss.udi_hid_generic_charger_protocol
                0x200003f0        0x4 src/ASF/common/services/usb/class/hid/device/generic/udi_hid_generic.o
 .bss.udi_hid_generic_battery1_protocol
                0x200003f4        0x4 src/ASF/common/services/usb/class/hid/device/generic/udi_hid_generic.o
 .bss.udi_hid_generic_battery2_protocol
                0x200003f8        0x4 src/ASF/common/services/usb/class/hid/device/generic/udi_hid_generic.o
 .bss.udi_hid_generic_battery3_protocol
                0x200003fc        0x4 src/ASF/common/services/usb/class/hid/device/generic/udi_hid_generic.o
 .bss.udi_hid_generic_battery4_protocol
                0x20000400        0x4 src/ASF/common/services/usb/class/hid/device/generic/udi_hid_generic.o
 .bss.udi_hid_generic_battery5_protocol
                0x20000404        0x4 src/ASF/common/services/usb/class/hid/device/generic/udi_hid_generic.o
 .bss.udi_hid_generic_battery6_protocol
                0x20000408        0x4 src/ASF/common/services/usb/class/hid/device/generic/udi_hid_generic.o
 .bss.udi_hid_generic_b_charger_report_in_free
                0x2000040c        0x1 src/ASF/common/services/usb/class/hid/device/generic/udi_hid_generic.o
 .bss.udi_hid_generic_b_battery1_report_in_free
                0x2000040d        0x1 src/ASF/common/services/usb/class/hid/device/generic/udi_hid_generic.o
 .bss.udi_hid_generic_b_battery2_report_in_free
                0x2000040e        0x1 src/ASF/common/services/usb/class/hid/device/generic/udi_hid_generic.o
 .bss.udi_hid_generic_b_battery3_report_in_free
                0x2000040f        0x1 src/ASF/common/services/usb/class/hid/device/generic/udi_hid_generic.o
 .bss.udi_hid_generic_b_battery4_report_in_free
                0x20000410        0x1 src/ASF/common/services/usb/class/hid/device/generic/udi_hid_generic.o
 .bss.udi_hid_generic_b_battery5_report_in_free
                0x20000411        0x1 src/ASF/common/services/usb/class/hid/device/generic/udi_hid_generic.o
 .bss.udi_hid_generic_b_battery6_report_in_free
                0x20000412        0x1 src/ASF/common/services/usb/class/hid/device/generic/udi_hid_generic.o
 *fill*         0x20000413        0x1 
 .bss.udi_hid_generic_charger_report_in
                0x20000414       0x40 src/ASF/common/services/usb/class/hid/device/generic/udi_hid_generic.o
 .bss.udi_hid_generic_battery1_report_in
                0x20000454       0x40 src/ASF/common/services/usb/class/hid/device/generic/udi_hid_generic.o
 .bss.udi_hid_generic_battery2_report_in
                0x20000494       0x40 src/ASF/common/services/usb/class/hid/device/generic/udi_hid_generic.o
 .bss.udi_hid_generic_battery3_report_in
                0x200004d4       0x40 src/ASF/common/services/usb/class/hid/device/generic/udi_hid_generic.o
 .bss.udi_hid_generic_battery4_report_in
                0x20000514       0x40 src/ASF/common/services/usb/class/hid/device/generic/udi_hid_generic.o
 .bss.udi_hid_generic_battery5_report_in
                0x20000554       0x40 src/ASF/common/services/usb/class/hid/device/generic/udi_hid_generic.o
 .bss.udi_hid_generic_battery6_report_in
                0x20000594       0x40 src/ASF/common/services/usb/class/hid/device/generic/udi_hid_generic.o
 .bss.udi_hid_generic_charger_report_feature
                0x200005d4        0x4 src/ASF/common/services/usb/class/hid/device/generic/udi_hid_generic.o
 .bss.udi_hid_generic_battery1_report_feature
                0x200005d8        0x4 src/ASF/common/services/usb/class/hid/device/generic/udi_hid_generic.o
 .bss.udi_hid_generic_battery2_report_feature
                0x200005dc        0x4 src/ASF/common/services/usb/class/hid/device/generic/udi_hid_generic.o
 .bss.udi_hid_generic_battery3_report_feature
                0x200005e0        0x4 src/ASF/common/services/usb/class/hid/device/generic/udi_hid_generic.o
 .bss.udi_hid_generic_battery4_report_feature
                0x200005e4        0x4 src/ASF/common/services/usb/class/hid/device/generic/udi_hid_generic.o
 .bss.udi_hid_generic_battery5_report_feature
                0x200005e8        0x4 src/ASF/common/services/usb/class/hid/device/generic/udi_hid_generic.o
 .bss.udi_hid_generic_battery6_report_feature
                0x200005ec        0x4 src/ASF/common/services/usb/class/hid/device/generic/udi_hid_generic.o
 .bss.udc_device_status
                0x200005f0        0x2 src/ASF/common/services/usb/udc/udc.o
 *fill*         0x200005f2        0x2 
 .bss.udc_iface_setting
                0x200005f4        0x4 src/ASF/common/services/usb/udc/udc.o
 .bss.udc_num_configuration
                0x200005f8        0x4 src/ASF/common/services/usb/udc/udc.o
 .bss.udc_ptr_conf
                0x200005fc        0x4 src/ASF/common/services/usb/udc/udc.o
 .bss.udc_ptr_iface
                0x20000600        0x4 src/ASF/common/services/usb/udc/udc.o
 .bss.udc_ep_status.11948
                0x20000604        0x2 src/ASF/common/services/usb/udc/udc.o
 .bss.udd_ep_control_state
                0x20000606        0x1 src/ASF/sam0/drivers/usb/stack_interface/usb_device_udd.o
 *fill*         0x20000607        0x1 
 .bss.udd_ctrl_prev_payload_nb_trans
                0x20000608        0x2 src/ASF/sam0/drivers/usb/stack_interface/usb_device_udd.o
 .bss.udd_ctrl_payload_nb_trans
                0x2000060a        0x2 src/ASF/sam0/drivers/usb/stack_interface/usb_device_udd.o
 .bss.udd_ep_job
                0x2000060c      0x118 src/ASF/sam0/drivers/usb/stack_interface/usb_device_udd.o
 .bss.udd_state.13070
                0x20000724        0x1 src/ASF/sam0/drivers/usb/stack_interface/usb_device_udd.o
 .bss.b_shortpacket.13213
                0x20000725        0x1 src/ASF/sam0/drivers/usb/stack_interface/usb_device_udd.o
 .bss.main_b_generic_charger_enable
                0x20000726        0x1 src/multi_hid_generic/multi_hid_generic.o
 .bss.main_b_generic_battery1_enable
                0x20000727        0x1 src/multi_hid_generic/multi_hid_generic.o
 .bss.main_b_generic_battery2_enable
                0x20000728        0x1 src/multi_hid_generic/multi_hid_generic.o
 .bss.main_b_generic_battery3_enable
                0x20000729        0x1 src/multi_hid_generic/multi_hid_generic.o
 .bss.main_b_generic_battery4_enable
                0x2000072a        0x1 src/multi_hid_generic/multi_hid_generic.o
 .bss.main_b_generic_battery5_enable
                0x2000072b        0x1 src/multi_hid_generic/multi_hid_generic.o
 .bss.main_b_generic_battery6_enable
                0x2000072c        0x1 src/multi_hid_generic/multi_hid_generic.o
 *fill*         0x2000072d        0x3 
 .bss._usb_instances
                0x20000730        0x4 src/ASF/sam0/drivers/usb/usb_sam_d_r/usb.o
 .bss.pipe_callback_para
                0x20000734        0x8 src/ASF/sam0/drivers/usb/usb_sam_d_r/usb.o
 .bss.device_callback_lpm_wakeup_enable
                0x2000073c        0x4 src/ASF/sam0/drivers/usb/usb_sam_d_r/usb.o
 .bss.ep_callback_para
                0x20000740        0x8 src/ASF/sam0/drivers/usb/usb_sam_d_r/usb.o
 .bss.host_pipe_job_busy_status
                0x20000748        0x4 src/ASF/sam0/drivers/usb/usb_sam_d_r/usb.o
                0x20000748                host_pipe_job_busy_status
 .bss.cpu_irq_critical_section_counter
                0x2000074c        0x4 src/ASF/common/utils/interrupt/interrupt_sam_nvic.o
 .bss.cpu_irq_prev_interrupt_state
                0x20000750        0x1 src/ASF/common/utils/interrupt/interrupt_sam_nvic.o
 *fill*         0x20000751        0x3 
 .bss._system_clock_inst
                0x20000754       0x18 src/ASF/sam0/drivers/system/clock/clock_samd21_r21_da/clock.o
 .bss.ui_hid_charger_in_report
                0x2000076c       0x40 src/main.o
 .bss.ui_hid_battery1_in_report
                0x200007ac       0x40 src/main.o
 .bss.ui_hid_battery2_in_report
                0x200007ec       0x40 src/main.o
 .bss.ui_hid_battery3_in_report
                0x2000082c       0x40 src/main.o
 .bss.ui_hid_battery4_in_report
                0x2000086c       0x40 src/main.o
 .bss.ui_hid_battery5_in_report
                0x200008ac       0x40 src/main.o
 .bss.ui_hid_battery6_in_report
                0x200008ec       0x40 src/main.o
 *(COMMON)
 COMMON         0x2000092c        0x5 src/ASF/common/services/sleepmgr/samd/sleepmgr.o
                0x2000092c                sleepmgr_locks
 *fill*         0x20000931        0x3 
 COMMON         0x20000934       0x40 src/ASF/sam0/drivers/extint/extint_sam_d_r/extint.o
                0x20000934                _extint_dev
 COMMON         0x20000974      0x380 src/ASF/sam0/drivers/usb/stack_interface/usb_device_udd.o
                0x20000974                udd_ep_out_cache_buffer
                0x20000b34                usb_device
                0x20000c9c                udd_g_ctrlreq
                0x20000cb4                udd_ctrl_buffer
 COMMON         0x20000cf4      0x100 src/ASF/sam0/drivers/usb/usb_sam_d_r/usb.o
                0x20000cf4                usb_descriptor_table
 COMMON         0x20000df4        0x1 src/ASF/sam0/drivers/extint/extint_callback.o
                0x20000df4                _current_channel
                0x20000df8                . = ALIGN (0x4)
 *fill*         0x20000df5        0x3 
                0x20000df8                _ebss = .
                0x20000df8                _ezero = .

.stack          0x20000df8     0x2000 load address 0x000076a8
                0x20000df8                . = ALIGN (0x8)
                0x20000df8                _sstack = .
                0x20002df8                . = (. + STACK_SIZE)
 *fill*         0x20000df8     0x2000 
                0x20002df8                . = ALIGN (0x8)
                0x20002df8                _estack = .
                0x20002df8                . = ALIGN (0x4)
                0x20002df8                _end = .
OUTPUT(SAMD21_MULTI_HID_GENERIC.elf elf32-littlearm)

.ARM.attributes
                0x00000000       0x28
 .ARM.attributes
                0x00000000       0x1e c:/program files (x86)/atmel/atmel toolchain/arm gcc/native/4.8.1443/arm-gnu-toolchain/bin/../lib/gcc/arm-none-eabi/4.8.4/armv6-m/crti.o
 .ARM.attributes
                0x0000001e       0x2c c:/program files (x86)/atmel/atmel toolchain/arm gcc/native/4.8.1443/arm-gnu-toolchain/bin/../lib/gcc/arm-none-eabi/4.8.4/armv6-m/crtbegin.o
 .ARM.attributes
                0x0000004a       0x32 src/ASF/common2/services/delay/sam0/systick_counter.o
 .ARM.attributes
                0x0000007c       0x32 src/ASF/common/services/sleepmgr/samd/sleepmgr.o
 .ARM.attributes
                0x000000ae       0x32 src/ASF/common/services/usb/class/composite/device/udi_composite_desc.o
 .ARM.attributes
                0x000000e0       0x32 src/ASF/common/services/usb/class/hid/device/generic/udi_hid_generic.o
 .ARM.attributes
                0x00000112       0x32 src/ASF/common/services/usb/udc/udc.o
 .ARM.attributes
                0x00000144       0x32 src/ASF/sam0/drivers/extint/extint_sam_d_r/extint.o
 .ARM.attributes
                0x00000176       0x32 src/ASF/sam0/drivers/usb/stack_interface/usb_device_udd.o
 .ARM.attributes
                0x000001a8       0x32 src/multi_hid_generic/multi_hid_generic.o
 .ARM.attributes
                0x000001da       0x32 src/ASF/sam0/drivers/usb/usb_sam_d_r/usb.o
 .ARM.attributes
                0x0000020c       0x32 src/ASF/sam0/drivers/extint/extint_callback.o
 .ARM.attributes
                0x0000023e       0x32 src/ASF/common/services/usb/class/hid/device/udi_hid.o
 .ARM.attributes
                0x00000270       0x32 src/ASF/common2/boards/user_board/init.o
 .ARM.attributes
                0x000002a2       0x32 src/ASF/common/utils/interrupt/interrupt_sam_nvic.o
 .ARM.attributes
                0x000002d4       0x32 src/ASF/sam0/drivers/system/clock/clock_samd21_r21_da/clock.o
 .ARM.attributes
                0x00000306       0x32 src/ASF/sam0/drivers/system/clock/clock_samd21_r21_da/gclk.o
 .ARM.attributes
                0x00000338       0x32 src/ASF/sam0/drivers/system/pinmux/pinmux.o
 .ARM.attributes
                0x0000036a       0x32 src/ASF/sam0/drivers/system/system.o
 .ARM.attributes
                0x0000039c       0x32 src/ASF/sam0/utils/cmsis/samd21/source/gcc/startup_samd21.o
 .ARM.attributes
                0x000003ce       0x32 src/main.o
 .ARM.attributes
                0x00000400       0x1e c:/program files (x86)/atmel/atmel toolchain/arm gcc/native/4.8.1443/arm-gnu-toolchain/bin/../lib/gcc/arm-none-eabi/4.8.4/armv6-m\libgcc.a(_udivsi3.o)
 .ARM.attributes
                0x0000041e       0x1e c:/program files (x86)/atmel/atmel toolchain/arm gcc/native/4.8.1443/arm-gnu-toolchain/bin/../lib/gcc/arm-none-eabi/4.8.4/armv6-m\libgcc.a(_divsi3.o)
 .ARM.attributes
                0x0000043c       0x1e c:/program files (x86)/atmel/atmel toolchain/arm gcc/native/4.8.1443/arm-gnu-toolchain/bin/../lib/gcc/arm-none-eabi/4.8.4/armv6-m\libgcc.a(_dvmd_tls.o)
 .ARM.attributes
                0x0000045a       0x1e c:/program files (x86)/atmel/atmel toolchain/arm gcc/native/4.8.1443/arm-gnu-toolchain/bin/../lib/gcc/arm-none-eabi/4.8.4/armv6-m\libgcc.a(_ctzsi2.o)
 .ARM.attributes
                0x00000478       0x2c c:/program files (x86)/atmel/atmel toolchain/arm gcc/native/4.8.1443/arm-gnu-toolchain/bin/../lib/gcc/arm-none-eabi/4.8.4/../../../../arm-none-eabi/lib/armv6-m\libc_s.a(lib_a-init.o)
 .ARM.attributes
                0x000004a4       0x2c c:/program files (x86)/atmel/atmel toolchain/arm gcc/native/4.8.1443/arm-gnu-toolchain/bin/../lib/gcc/arm-none-eabi/4.8.4/../../../../arm-none-eabi/lib/armv6-m\libc_s.a(lib_a-memcpy-stub.o)
 .ARM.attributes
                0x000004d0       0x2c c:/program files (x86)/atmel/atmel toolchain/arm gcc/native/4.8.1443/arm-gnu-toolchain/bin/../lib/gcc/arm-none-eabi/4.8.4/../../../../arm-none-eabi/lib/armv6-m\libc_s.a(lib_a-memset.o)
 .ARM.attributes
                0x000004fc       0x1e c:/program files (x86)/atmel/atmel toolchain/arm gcc/native/4.8.1443/arm-gnu-toolchain/bin/../lib/gcc/arm-none-eabi/4.8.4/armv6-m/crtn.o

.comment        0x00000000       0x5b
 .comment       0x00000000       0x5b src/ASF/common2/services/delay/sam0/systick_counter.o
                                 0x5c (size before relaxing)
 .comment       0x00000000       0x5c src/ASF/common/services/sleepmgr/samd/sleepmgr.o
 .comment       0x00000000       0x5c src/ASF/common/services/usb/class/composite/device/udi_composite_desc.o
 .comment       0x00000000       0x5c src/ASF/common/services/usb/class/hid/device/generic/udi_hid_generic.o
 .comment       0x00000000       0x5c src/ASF/common/services/usb/udc/udc.o
 .comment       0x00000000       0x5c src/ASF/sam0/drivers/extint/extint_sam_d_r/extint.o
 .comment       0x00000000       0x5c src/ASF/sam0/drivers/usb/stack_interface/usb_device_udd.o
 .comment       0x00000000       0x5c src/multi_hid_generic/multi_hid_generic.o
 .comment       0x00000000       0x5c src/ASF/sam0/drivers/usb/usb_sam_d_r/usb.o
 .comment       0x00000000       0x5c src/ASF/sam0/drivers/extint/extint_callback.o
 .comment       0x00000000       0x5c src/ASF/common/services/usb/class/hid/device/udi_hid.o
 .comment       0x00000000       0x5c src/ASF/common2/boards/user_board/init.o
 .comment       0x00000000       0x5c src/ASF/common/utils/interrupt/interrupt_sam_nvic.o
 .comment       0x00000000       0x5c src/ASF/sam0/drivers/system/clock/clock_samd21_r21_da/clock.o
 .comment       0x00000000       0x5c src/ASF/sam0/drivers/system/clock/clock_samd21_r21_da/gclk.o
 .comment       0x00000000       0x5c src/ASF/sam0/drivers/system/pinmux/pinmux.o
 .comment       0x00000000       0x5c src/ASF/sam0/drivers/system/system.o
 .comment       0x00000000       0x5c src/ASF/sam0/utils/cmsis/samd21/source/gcc/startup_samd21.o
 .comment       0x00000000       0x5c src/main.o

.debug_info     0x00000000    0x1801a
 .debug_info    0x00000000      0x220 src/ASF/common2/services/delay/sam0/systick_counter.o
 .debug_info    0x00000220      0x170 src/ASF/common/services/sleepmgr/samd/sleepmgr.o
 .debug_info    0x00000390      0x7ce src/ASF/common/services/usb/class/composite/device/udi_composite_desc.o
 .debug_info    0x00000b5e      0xf8c src/ASF/common/services/usb/class/hid/device/generic/udi_hid_generic.o
 .debug_info    0x00001aea      0xd7a src/ASF/common/services/usb/udc/udc.o
 .debug_info    0x00002864     0x2007 src/ASF/sam0/drivers/extint/extint_sam_d_r/extint.o
 .debug_info    0x0000486b     0x47b6 src/ASF/sam0/drivers/usb/stack_interface/usb_device_udd.o
 .debug_info    0x00009021      0x944 src/multi_hid_generic/multi_hid_generic.o
 .debug_info    0x00009965     0x46f3 src/ASF/sam0/drivers/usb/usb_sam_d_r/usb.o
 .debug_info    0x0000e058      0xfbc src/ASF/sam0/drivers/extint/extint_callback.o
 .debug_info    0x0000f014      0x3d8 src/ASF/common/services/usb/class/hid/device/udi_hid.o
 .debug_info    0x0000f3ec      0x157 src/ASF/common2/boards/user_board/init.o
 .debug_info    0x0000f543      0x1ed src/ASF/common/utils/interrupt/interrupt_sam_nvic.o
 .debug_info    0x0000f730     0x2c89 src/ASF/sam0/drivers/system/clock/clock_samd21_r21_da/clock.o
 .debug_info    0x000123b9     0x127b src/ASF/sam0/drivers/system/clock/clock_samd21_r21_da/gclk.o
 .debug_info    0x00013634      0x9f7 src/ASF/sam0/drivers/system/pinmux/pinmux.o
 .debug_info    0x0001402b      0x13f src/ASF/sam0/drivers/system/system.o
 .debug_info    0x0001416a     0x3a6a src/ASF/sam0/utils/cmsis/samd21/source/gcc/startup_samd21.o
 .debug_info    0x00017bd4      0x446 src/main.o

.debug_abbrev   0x00000000     0x2461
 .debug_abbrev  0x00000000      0x113 src/ASF/common2/services/delay/sam0/systick_counter.o
 .debug_abbrev  0x00000113       0x98 src/ASF/common/services/sleepmgr/samd/sleepmgr.o
 .debug_abbrev  0x000001ab      0x114 src/ASF/common/services/usb/class/composite/device/udi_composite_desc.o
 .debug_abbrev  0x000002bf      0x2a6 src/ASF/common/services/usb/class/hid/device/generic/udi_hid_generic.o
 .debug_abbrev  0x00000565      0x25a src/ASF/common/services/usb/udc/udc.o
 .debug_abbrev  0x000007bf      0x314 src/ASF/sam0/drivers/extint/extint_sam_d_r/extint.o
 .debug_abbrev  0x00000ad3      0x44d src/ASF/sam0/drivers/usb/stack_interface/usb_device_udd.o
 .debug_abbrev  0x00000f20      0x194 src/multi_hid_generic/multi_hid_generic.o
 .debug_abbrev  0x000010b4      0x345 src/ASF/sam0/drivers/usb/usb_sam_d_r/usb.o
 .debug_abbrev  0x000013f9      0x275 src/ASF/sam0/drivers/extint/extint_callback.o
 .debug_abbrev  0x0000166e      0x12d src/ASF/common/services/usb/class/hid/device/udi_hid.o
 .debug_abbrev  0x0000179b       0xa1 src/ASF/common2/boards/user_board/init.o
 .debug_abbrev  0x0000183c       0xf6 src/ASF/common/utils/interrupt/interrupt_sam_nvic.o
 .debug_abbrev  0x00001932      0x328 src/ASF/sam0/drivers/system/clock/clock_samd21_r21_da/clock.o
 .debug_abbrev  0x00001c5a      0x28a src/ASF/sam0/drivers/system/clock/clock_samd21_r21_da/gclk.o
 .debug_abbrev  0x00001ee4      0x21c src/ASF/sam0/drivers/system/pinmux/pinmux.o
 .debug_abbrev  0x00002100       0xab src/ASF/sam0/drivers/system/system.o
 .debug_abbrev  0x000021ab      0x20a src/ASF/sam0/utils/cmsis/samd21/source/gcc/startup_samd21.o
 .debug_abbrev  0x000023b5       0xac src/main.o

.debug_loc      0x00000000     0x3c7e
 .debug_loc     0x00000000       0xd4 src/ASF/common2/services/delay/sam0/systick_counter.o
 .debug_loc     0x000000d4      0xaf0 src/ASF/common/services/usb/class/hid/device/generic/udi_hid_generic.o
 .debug_loc     0x00000bc4      0x598 src/ASF/common/services/usb/udc/udc.o
 .debug_loc     0x0000115c      0x310 src/ASF/sam0/drivers/extint/extint_sam_d_r/extint.o
 .debug_loc     0x0000146c      0xbbc src/ASF/sam0/drivers/usb/stack_interface/usb_device_udd.o
 .debug_loc     0x00002028      0x504 src/multi_hid_generic/multi_hid_generic.o
 .debug_loc     0x0000252c      0xa3c src/ASF/sam0/drivers/usb/usb_sam_d_r/usb.o
 .debug_loc     0x00002f68      0x1e0 src/ASF/sam0/drivers/extint/extint_callback.o
 .debug_loc     0x00003148       0x70 src/ASF/common/services/usb/class/hid/device/udi_hid.o
 .debug_loc     0x000031b8       0x2c src/ASF/common2/boards/user_board/init.o
 .debug_loc     0x000031e4       0x64 src/ASF/common/utils/interrupt/interrupt_sam_nvic.o
 .debug_loc     0x00003248      0x4ae src/ASF/sam0/drivers/system/clock/clock_samd21_r21_da/clock.o
 .debug_loc     0x000036f6      0x388 src/ASF/sam0/drivers/system/clock/clock_samd21_r21_da/gclk.o
 .debug_loc     0x00003a7e      0x118 src/ASF/sam0/drivers/system/pinmux/pinmux.o
 .debug_loc     0x00003b96       0x58 src/ASF/sam0/drivers/system/system.o
 .debug_loc     0x00003bee       0x64 src/ASF/sam0/utils/cmsis/samd21/source/gcc/startup_samd21.o
 .debug_loc     0x00003c52       0x2c src/main.o

.debug_aranges  0x00000000      0xb20
 .debug_aranges
                0x00000000       0x38 src/ASF/common2/services/delay/sam0/systick_counter.o
 .debug_aranges
                0x00000038       0x18 src/ASF/common/services/sleepmgr/samd/sleepmgr.o
 .debug_aranges
                0x00000050       0x18 src/ASF/common/services/usb/class/composite/device/udi_composite_desc.o
 .debug_aranges
                0x00000068      0x1f0 src/ASF/common/services/usb/class/hid/device/generic/udi_hid_generic.o
 .debug_aranges
                0x00000258      0x100 src/ASF/common/services/usb/udc/udc.o
 .debug_aranges
                0x00000358       0x88 src/ASF/sam0/drivers/extint/extint_sam_d_r/extint.o
 .debug_aranges
                0x000003e0      0x1d8 src/ASF/sam0/drivers/usb/stack_interface/usb_device_udd.o
 .debug_aranges
                0x000005b8       0xf0 src/multi_hid_generic/multi_hid_generic.o
 .debug_aranges
                0x000006a8      0x190 src/ASF/sam0/drivers/usb/usb_sam_d_r/usb.o
 .debug_aranges
                0x00000838       0x60 src/ASF/sam0/drivers/extint/extint_callback.o
 .debug_aranges
                0x00000898       0x28 src/ASF/common/services/usb/class/hid/device/udi_hid.o
 .debug_aranges
                0x000008c0       0x20 src/ASF/common2/boards/user_board/init.o
 .debug_aranges
                0x000008e0       0x28 src/ASF/common/utils/interrupt/interrupt_sam_nvic.o
 .debug_aranges
                0x00000908       0xc8 src/ASF/sam0/drivers/system/clock/clock_samd21_r21_da/clock.o
 .debug_aranges
                0x000009d0       0xa0 src/ASF/sam0/drivers/system/clock/clock_samd21_r21_da/gclk.o
 .debug_aranges
                0x00000a70       0x40 src/ASF/sam0/drivers/system/pinmux/pinmux.o
 .debug_aranges
                0x00000ab0       0x28 src/ASF/sam0/drivers/system/system.o
 .debug_aranges
                0x00000ad8       0x28 src/ASF/sam0/utils/cmsis/samd21/source/gcc/startup_samd21.o
 .debug_aranges
                0x00000b00       0x20 src/main.o

.debug_ranges   0x00000000      0x9f8
 .debug_ranges  0x00000000       0x28 src/ASF/common2/services/delay/sam0/systick_counter.o
 .debug_ranges  0x00000028      0x1e0 src/ASF/common/services/usb/class/hid/device/generic/udi_hid_generic.o
 .debug_ranges  0x00000208      0x108 src/ASF/common/services/usb/udc/udc.o
 .debug_ranges  0x00000310       0x78 src/ASF/sam0/drivers/extint/extint_sam_d_r/extint.o
 .debug_ranges  0x00000388      0x1c8 src/ASF/sam0/drivers/usb/stack_interface/usb_device_udd.o
 .debug_ranges  0x00000550       0xe0 src/multi_hid_generic/multi_hid_generic.o
 .debug_ranges  0x00000630      0x180 src/ASF/sam0/drivers/usb/usb_sam_d_r/usb.o
 .debug_ranges  0x000007b0       0x50 src/ASF/sam0/drivers/extint/extint_callback.o
 .debug_ranges  0x00000800       0x18 src/ASF/common/services/usb/class/hid/device/udi_hid.o
 .debug_ranges  0x00000818       0x10 src/ASF/common2/boards/user_board/init.o
 .debug_ranges  0x00000828       0x18 src/ASF/common/utils/interrupt/interrupt_sam_nvic.o
 .debug_ranges  0x00000840       0xb8 src/ASF/sam0/drivers/system/clock/clock_samd21_r21_da/clock.o
 .debug_ranges  0x000008f8       0x90 src/ASF/sam0/drivers/system/clock/clock_samd21_r21_da/gclk.o
 .debug_ranges  0x00000988       0x30 src/ASF/sam0/drivers/system/pinmux/pinmux.o
 .debug_ranges  0x000009b8       0x18 src/ASF/sam0/drivers/system/system.o
 .debug_ranges  0x000009d0       0x18 src/ASF/sam0/utils/cmsis/samd21/source/gcc/startup_samd21.o
 .debug_ranges  0x000009e8       0x10 src/main.o

.debug_macro    0x00000000    0x1abc5
 .debug_macro   0x00000000      0x4a6 src/ASF/common2/services/delay/sam0/systick_counter.o
 .debug_macro   0x000004a6      0x844 src/ASF/common2/services/delay/sam0/systick_counter.o
 .debug_macro   0x00000cea      0x166 src/ASF/common2/services/delay/sam0/systick_counter.o
 .debug_macro   0x00000e50      0x5db src/ASF/common2/services/delay/sam0/systick_counter.o
 .debug_macro   0x0000142b       0x16 src/ASF/common2/services/delay/sam0/systick_counter.o
 .debug_macro   0x00001441       0x44 src/ASF/common2/services/delay/sam0/systick_counter.o
 .debug_macro   0x00001485      0x209 src/ASF/common2/services/delay/sam0/systick_counter.o
 .debug_macro   0x0000168e       0x10 src/ASF/common2/services/delay/sam0/systick_counter.o
 .debug_macro   0x0000169e       0x76 src/ASF/common2/services/delay/sam0/systick_counter.o
 .debug_macro   0x00001714       0x16 src/ASF/common2/services/delay/sam0/systick_counter.o
 .debug_macro   0x0000172a      0x6e5 src/ASF/common2/services/delay/sam0/systick_counter.o
 .debug_macro   0x00001e0f      0xde2 src/ASF/common2/services/delay/sam0/systick_counter.o
 .debug_macro   0x00002bf1       0x22 src/ASF/common2/services/delay/sam0/systick_counter.o
 .debug_macro   0x00002c13       0x40 src/ASF/common2/services/delay/sam0/systick_counter.o
 .debug_macro   0x00002c53       0x3a src/ASF/common2/services/delay/sam0/systick_counter.o
 .debug_macro   0x00002c8d       0x1f src/ASF/common2/services/delay/sam0/systick_counter.o
 .debug_macro   0x00002cac      0x250 src/ASF/common2/services/delay/sam0/systick_counter.o
 .debug_macro   0x00002efc      0x682 src/ASF/common2/services/delay/sam0/systick_counter.o
 .debug_macro   0x0000357e      0x8c1 src/ASF/common2/services/delay/sam0/systick_counter.o
 .debug_macro   0x00003e3f      0x235 src/ASF/common2/services/delay/sam0/systick_counter.o
 .debug_macro   0x00004074      0xd66 src/ASF/common2/services/delay/sam0/systick_counter.o
 .debug_macro   0x00004dda      0x4ce src/ASF/common2/services/delay/sam0/systick_counter.o
 .debug_macro   0x000052a8      0x9fb src/ASF/common2/services/delay/sam0/systick_counter.o
 .debug_macro   0x00005ca3      0x82e src/ASF/common2/services/delay/sam0/systick_counter.o
 .debug_macro   0x000064d1      0x462 src/ASF/common2/services/delay/sam0/systick_counter.o
 .debug_macro   0x00006933       0x5e src/ASF/common2/services/delay/sam0/systick_counter.o
 .debug_macro   0x00006991      0x907 src/ASF/common2/services/delay/sam0/systick_counter.o
 .debug_macro   0x00007298      0x226 src/ASF/common2/services/delay/sam0/systick_counter.o
 .debug_macro   0x000074be      0x9d3 src/ASF/common2/services/delay/sam0/systick_counter.o
 .debug_macro   0x00007e91       0x5e src/ASF/common2/services/delay/sam0/systick_counter.o
 .debug_macro   0x00007eef      0x682 src/ASF/common2/services/delay/sam0/systick_counter.o
 .debug_macro   0x00008571      0x3b8 src/ASF/common2/services/delay/sam0/systick_counter.o
 .debug_macro   0x00008929      0xc55 src/ASF/common2/services/delay/sam0/systick_counter.o
 .debug_macro   0x0000957e     0x1093 src/ASF/common2/services/delay/sam0/systick_counter.o
 .debug_macro   0x0000a611      0xc4a src/ASF/common2/services/delay/sam0/systick_counter.o
 .debug_macro   0x0000b25b      0x6c2 src/ASF/common2/services/delay/sam0/systick_counter.o
 .debug_macro   0x0000b91d     0x1b4e src/ASF/common2/services/delay/sam0/systick_counter.o
 .debug_macro   0x0000d46b     0x144d src/ASF/common2/services/delay/sam0/systick_counter.o
 .debug_macro   0x0000e8b8      0x351 src/ASF/common2/services/delay/sam0/systick_counter.o
 .debug_macro   0x0000ec09       0x7c src/ASF/common2/services/delay/sam0/systick_counter.o
 .debug_macro   0x0000ec85       0xa0 src/ASF/common2/services/delay/sam0/systick_counter.o
 .debug_macro   0x0000ed25       0x4c src/ASF/common2/services/delay/sam0/systick_counter.o
 .debug_macro   0x0000ed71       0xca src/ASF/common2/services/delay/sam0/systick_counter.o
 .debug_macro   0x0000ee3b       0x94 src/ASF/common2/services/delay/sam0/systick_counter.o
 .debug_macro   0x0000eecf       0x58 src/ASF/common2/services/delay/sam0/systick_counter.o
 .debug_macro   0x0000ef27      0x38a src/ASF/common2/services/delay/sam0/systick_counter.o
 .debug_macro   0x0000f2b1       0x82 src/ASF/common2/services/delay/sam0/systick_counter.o
 .debug_macro   0x0000f333      0x19a src/ASF/common2/services/delay/sam0/systick_counter.o
 .debug_macro   0x0000f4cd       0xb8 src/ASF/common2/services/delay/sam0/systick_counter.o
 .debug_macro   0x0000f585       0xa0 src/ASF/common2/services/delay/sam0/systick_counter.o
 .debug_macro   0x0000f625       0xbe src/ASF/common2/services/delay/sam0/systick_counter.o
 .debug_macro   0x0000f6e3       0x1c src/ASF/common2/services/delay/sam0/systick_counter.o
 .debug_macro   0x0000f6ff       0x1c src/ASF/common2/services/delay/sam0/systick_counter.o
 .debug_macro   0x0000f71b       0x1c src/ASF/common2/services/delay/sam0/systick_counter.o
 .debug_macro   0x0000f737       0x82 src/ASF/common2/services/delay/sam0/systick_counter.o
 .debug_macro   0x0000f7b9      0x164 src/ASF/common2/services/delay/sam0/systick_counter.o
 .debug_macro   0x0000f91d       0xdc src/ASF/common2/services/delay/sam0/systick_counter.o
 .debug_macro   0x0000f9f9      0x132 src/ASF/common2/services/delay/sam0/systick_counter.o
 .debug_macro   0x0000fb2b      0x132 src/ASF/common2/services/delay/sam0/systick_counter.o
 .debug_macro   0x0000fc5d      0x132 src/ASF/common2/services/delay/sam0/systick_counter.o
 .debug_macro   0x0000fd8f      0x132 src/ASF/common2/services/delay/sam0/systick_counter.o
 .debug_macro   0x0000fec1      0x132 src/ASF/common2/services/delay/sam0/systick_counter.o
 .debug_macro   0x0000fff3      0x132 src/ASF/common2/services/delay/sam0/systick_counter.o
 .debug_macro   0x00010125      0x11e src/ASF/common2/services/delay/sam0/systick_counter.o
 .debug_macro   0x00010243       0xe2 src/ASF/common2/services/delay/sam0/systick_counter.o
 .debug_macro   0x00010325       0xe2 src/ASF/common2/services/delay/sam0/systick_counter.o
 .debug_macro   0x00010407       0xe2 src/ASF/common2/services/delay/sam0/systick_counter.o
 .debug_macro   0x000104e9       0xe2 src/ASF/common2/services/delay/sam0/systick_counter.o
 .debug_macro   0x000105cb       0xe2 src/ASF/common2/services/delay/sam0/systick_counter.o
 .debug_macro   0x000106ad      0x136 src/ASF/common2/services/delay/sam0/systick_counter.o
 .debug_macro   0x000107e3      0x106 src/ASF/common2/services/delay/sam0/systick_counter.o
 .debug_macro   0x000108e9       0xfa src/ASF/common2/services/delay/sam0/systick_counter.o
 .debug_macro   0x000109e3      0x40f src/ASF/common2/services/delay/sam0/systick_counter.o
 .debug_macro   0x00010df2       0x40 src/ASF/common2/services/delay/sam0/systick_counter.o
 .debug_macro   0x00010e32      0x37d src/ASF/common2/services/delay/sam0/systick_counter.o
 .debug_macro   0x000111af     0x1e5c src/ASF/common2/services/delay/sam0/systick_counter.o
 .debug_macro   0x0001300b       0x51 src/ASF/common2/services/delay/sam0/systick_counter.o
 .debug_macro   0x0001305c       0x58 src/ASF/common2/services/delay/sam0/systick_counter.o
 .debug_macro   0x000130b4       0x35 src/ASF/common2/services/delay/sam0/systick_counter.o
 .debug_macro   0x000130e9       0xa3 src/ASF/common2/services/delay/sam0/systick_counter.o
 .debug_macro   0x0001318c       0x16 src/ASF/common2/services/delay/sam0/systick_counter.o
 .debug_macro   0x000131a2       0x35 src/ASF/common2/services/delay/sam0/systick_counter.o
 .debug_macro   0x000131d7       0x10 src/ASF/common2/services/delay/sam0/systick_counter.o
 .debug_macro   0x000131e7       0x52 src/ASF/common2/services/delay/sam0/systick_counter.o
 .debug_macro   0x00013239       0x16 src/ASF/common2/services/delay/sam0/systick_counter.o
 .debug_macro   0x0001324f       0x43 src/ASF/common2/services/delay/sam0/systick_counter.o
 .debug_macro   0x00013292      0x180 src/ASF/common2/services/delay/sam0/systick_counter.o
 .debug_macro   0x00013412       0x10 src/ASF/common2/services/delay/sam0/systick_counter.o
 .debug_macro   0x00013422       0x22 src/ASF/common2/services/delay/sam0/systick_counter.o
 .debug_macro   0x00013444       0xbd src/ASF/common2/services/delay/sam0/systick_counter.o
 .debug_macro   0x00013501       0x16 src/ASF/common2/services/delay/sam0/systick_counter.o
 .debug_macro   0x00013517      0x16c src/ASF/common2/services/delay/sam0/systick_counter.o
 .debug_macro   0x00013683       0x16 src/ASF/common2/services/delay/sam0/systick_counter.o
 .debug_macro   0x00013699       0x16 src/ASF/common2/services/delay/sam0/systick_counter.o
 .debug_macro   0x000136af       0x29 src/ASF/common2/services/delay/sam0/systick_counter.o
 .debug_macro   0x000136d8       0x51 src/ASF/common2/services/delay/sam0/systick_counter.o
 .debug_macro   0x00013729       0x3f src/ASF/common2/services/delay/sam0/systick_counter.o
 .debug_macro   0x00013768      0x3df src/ASF/common2/services/delay/sam0/systick_counter.o
 .debug_macro   0x00013b47       0x11 src/ASF/common2/services/delay/sam0/systick_counter.o
 .debug_macro   0x00013b58       0x16 src/ASF/common2/services/delay/sam0/systick_counter.o
 .debug_macro   0x00013b6e       0x16 src/ASF/common2/services/delay/sam0/systick_counter.o
 .debug_macro   0x00013b84      0x4cc src/ASF/common/services/sleepmgr/samd/sleepmgr.o
 .debug_macro   0x00014050       0x10 src/ASF/common/services/sleepmgr/samd/sleepmgr.o
 .debug_macro   0x00014060       0x11 src/ASF/common/services/sleepmgr/samd/sleepmgr.o
 .debug_macro   0x00014071      0x4df src/ASF/common/services/usb/class/composite/device/udi_composite_desc.o
 .debug_macro   0x00014550      0x293 src/ASF/common/services/usb/class/composite/device/udi_composite_desc.o
 .debug_macro   0x000147e3      0x24b src/ASF/common/services/usb/class/composite/device/udi_composite_desc.o
 .debug_macro   0x00014a2e      0x162 src/ASF/common/services/usb/class/composite/device/udi_composite_desc.o
 .debug_macro   0x00014b90      0x44f src/ASF/common/services/usb/class/composite/device/udi_composite_desc.o
 .debug_macro   0x00014fdf       0x16 src/ASF/common/services/usb/class/composite/device/udi_composite_desc.o
 .debug_macro   0x00014ff5       0x41 src/ASF/common/services/usb/class/composite/device/udi_composite_desc.o
 .debug_macro   0x00015036       0x1c src/ASF/common/services/usb/class/composite/device/udi_composite_desc.o
 .debug_macro   0x00015052      0x530 src/ASF/common/services/usb/class/hid/device/generic/udi_hid_generic.o
 .debug_macro   0x00015582      0x2a6 src/ASF/common/services/usb/class/hid/device/generic/udi_hid_generic.o
 .debug_macro   0x00015828       0x10 src/ASF/common/services/usb/class/hid/device/generic/udi_hid_generic.o
 .debug_macro   0x00015838       0x1f src/ASF/common/services/usb/class/hid/device/generic/udi_hid_generic.o
 .debug_macro   0x00015857      0x4fc src/ASF/common/services/usb/udc/udc.o
 .debug_macro   0x00015d53      0x4eb src/ASF/sam0/drivers/extint/extint_sam_d_r/extint.o
 .debug_macro   0x0001623e       0x2e src/ASF/sam0/drivers/extint/extint_sam_d_r/extint.o